ARM Linker, 5.03 [Build 76] [MDK-ARM Professional]

==============================================================================

Section Cross References

    startup_stm32f10x_hd.o(STACK) refers (Special) to heapauxi.o(.text) for __use_two_region_memory
    startup_stm32f10x_hd.o(HEAP) refers (Special) to heapauxi.o(.text) for __use_two_region_memory
    startup_stm32f10x_hd.o(RESET) refers (Special) to heapauxi.o(.text) for __use_two_region_memory
    startup_stm32f10x_hd.o(RESET) refers to startup_stm32f10x_hd.o(STACK) for __initial_sp
    startup_stm32f10x_hd.o(RESET) refers to startup_stm32f10x_hd.o(.text) for Reset_Handler
    startup_stm32f10x_hd.o(RESET) refers to stm32f10x_it.o(.text) for NMI_Handler
    startup_stm32f10x_hd.o(.text) refers (Special) to heapauxi.o(.text) for __use_two_region_memory
    startup_stm32f10x_hd.o(.text) refers to system_stm32f10x.o(.text) for SystemInit
    startup_stm32f10x_hd.o(.text) refers to __main.o(!!!main) for __main
    startup_stm32f10x_hd.o(.text) refers to startup_stm32f10x_hd.o(HEAP) for Heap_Mem
    startup_stm32f10x_hd.o(.text) refers to startup_stm32f10x_hd.o(STACK) for Stack_Mem
    stm32f10x_adc.o(.text) refers to stm32f10x_rcc.o(.text) for RCC_APB2PeriphResetCmd
    stm32f10x_bkp.o(.text) refers to stm32f10x_rcc.o(.text) for RCC_BackupResetCmd
    stm32f10x_can.o(.text) refers to stm32f10x_rcc.o(.text) for RCC_APB1PeriphResetCmd
    stm32f10x_cec.o(.text) refers to stm32f10x_rcc.o(.text) for RCC_APB1PeriphResetCmd
    stm32f10x_dac.o(.text) refers to stm32f10x_rcc.o(.text) for RCC_APB1PeriphResetCmd
    stm32f10x_gpio.o(.text) refers to stm32f10x_rcc.o(.text) for RCC_APB2PeriphResetCmd
    stm32f10x_i2c.o(.text) refers to stm32f10x_rcc.o(.text) for RCC_APB1PeriphResetCmd
    stm32f10x_pwr.o(.text) refers to stm32f10x_rcc.o(.text) for RCC_APB1PeriphResetCmd
    stm32f10x_rcc.o(.text) refers to stm32f10x_rcc.o(.data) for APBAHBPrescTable
    stm32f10x_spi.o(.text) refers to stm32f10x_rcc.o(.text) for RCC_APB2PeriphResetCmd
    stm32f10x_tim.o(.text) refers to stm32f10x_rcc.o(.text) for RCC_APB2PeriphResetCmd
    stm32f10x_usart.o(.text) refers to stm32f10x_rcc.o(.text) for RCC_APB2PeriphResetCmd
    stm32f10x_wwdg.o(.text) refers to stm32f10x_rcc.o(.text) for RCC_APB1PeriphResetCmd
    main.o(.text) refers to stm32f10x_iwdg.o(.text) for IWDG_WriteAccessCmd
    main.o(.text) refers to stm32f10x_it.o(.text) for get_time6_cnt
    main.o(.text) refers to stm32f10x_gpio.o(.text) for GPIO_SetBits
    main.o(.text) refers to stm32f10x_rcc.o(.text) for RCC_APB2PeriphClockCmd
    main.o(.text) refers to protocol.o(.text) for gpio_init
    main.o(.text) refers to ds1302.o(.text) for Initial_DS1302
    main.o(.text) refers to uart.o(.text) for uart_init
    main.o(.text) refers to flash.o(.text) for flash_read
    main.o(.text) refers to adc.o(.text) for adc_init
    main.o(.text) refers to time.o(.text) for time6_init
    main.o(.text) refers to modem.o(.text) for modem_power_init
    main.o(.text) refers to strlen.o(.text) for strlen
    main.o(.text) refers to main.o(.data) for LsiFreq
    main.o(.data) refers to main.o(.conststring) for .conststring
    stm32f10x_it.o(.text) refers to stm32f10x_usart.o(.text) for USART_GetITStatus
    stm32f10x_it.o(.text) refers to common.o(.text) for push_queue_buf
    stm32f10x_it.o(.text) refers to stm32f10x_tim.o(.text) for TIM_GetITStatus
    stm32f10x_it.o(.text) refers to uart.o(.bss) for uart1
    stm32f10x_it.o(.text) refers to stm32f10x_it.o(.data) for time6_cnt
    system_stm32f10x.o(.text) refers to system_stm32f10x.o(.data) for SystemCoreClock
    uart.o(.text) refers to rt_memclr_w.o(.text) for __aeabi_memclr4
    uart.o(.text) refers to common.o(.text) for queue_buf_init
    uart.o(.text) refers to stm32f10x_gpio.o(.text) for GPIO_Init
    uart.o(.text) refers to misc.o(.text) for NVIC_PriorityGroupConfig
    uart.o(.text) refers to stm32f10x_rcc.o(.text) for RCC_APB2PeriphClockCmd
    uart.o(.text) refers to stm32f10x_usart.o(.text) for USART_Init
    uart.o(.text) refers to uart.o(.bss) for RxBuffer1
    common.o(.text) refers to uart.o(.text) for my_putchar
    common.o(.text) refers to ffix.o(x$fpl$ffix) for __aeabi_f2iz
    common.o(.text) refers to f2d.o(x$fpl$f2d) for __aeabi_f2d
    common.o(.text) refers to fflt_clz.o(x$fpl$fflt) for __aeabi_i2f
    common.o(.text) refers to daddsub_clz.o(x$fpl$dadd) for __aeabi_dadd
    common.o(.text) refers to drleqf.o(x$fpl$drleqf) for __aeabi_cdrcmple
    common.o(.text) refers to common.o(.constdata) for ascii_tb
    protocol.o(.text) refers to rt_memcpy_v6.o(.text) for __aeabi_memcpy
    protocol.o(.text) refers to memcmp.o(.text) for memcmp
    protocol.o(.text) refers to ds1302.o(.text) for DS1302_GetTime
    protocol.o(.text) refers to flash.o(.text) for flash_write
    protocol.o(.text) refers to common.o(.text) for crc16
    protocol.o(.text) refers to rt_memcpy_w.o(.text) for __aeabi_memcpy4
[...]
    _atexit_init                              - Undefined Weak Reference
    _call_atexit_fns                          - Undefined Weak Reference
    _clock_init                               - Undefined Weak Reference
    _fp_trap_init                             - Undefined Weak Reference
    _fp_trap_shutdown                         - Undefined Weak Reference
    _get_lc_collate                           - Undefined Weak Reference
    _get_lc_monetary                          - Undefined Weak Reference
    _get_lc_numeric                           - Undefined Weak Reference
    _get_lc_time                              - Undefined Weak Reference
    _getenv_init                              - Undefined Weak Reference
    _handle_redirection                       - Undefined Weak Reference
    _init_alloc                               - Undefined Weak Reference
    _init_user_alloc                          - Undefined Weak Reference
    _initio                                   - Undefined Weak Reference
    _printf_mbtowc                            - Undefined Weak Reference
    _printf_post_padding                      - Undefined Weak Reference
    _printf_pre_padding                       - Undefined Weak Reference
    _printf_truncate_signed                   - Undefined Weak Reference
    _printf_truncate_unsigned                 - Undefined Weak Reference
    _rand_init                                - Undefined Weak Reference
    _signal_finish                            - Undefined Weak Reference
    _signal_init                              - Undefined Weak Reference
    _terminate_alloc                          - Undefined Weak Reference
    _terminate_user_alloc                     - Undefined Weak Reference
    _terminateio                              - Undefined Weak Reference
    __Vectors_Size                           0x00000130   Number         0  startup_stm32f10x_hd.o ABSOLUTE
    __Vectors                                0x08000000   Data           4  startup_stm32f10x_hd.o(RESET)
    __Vectors_End                            0x08000130   Data           0  startup_stm32f10x_hd.o(RESET)
    __main                                   0x08000131   Thumb Code     8  __main.o(!!!main)
    __scatterload                            0x08000139   Thumb Code     0  __scatter.o(!!!scatter)
    __scatterload_rt2                        0x08000139   Thumb Code    44  __scatter.o(!!!scatter)
    __scatterload_rt2_thumb_only             0x08000139   Thumb Code     0  __scatter.o(!!!scatter)
    __scatterload_null                       0x08000147   Thumb Code     0  __scatter.o(!!!scatter)
    __decompress                             0x0800016d   Thumb Code    90  __dczerorl2.o(!!dczerorl2)
    __decompress1                            0x0800016d   Thumb Code     0  __dczerorl2.o(!!dczerorl2)
    __scatterload_zeroinit                   0x080001c9   Thumb Code    28  __scatter_zi.o(!!handler_zi)
    _printf_d                                0x080001e5   Thumb Code     0  _printf_d.o(.ARM.Collect$$_printf_percent$$00000009)
    _printf_percent                          0x080001e5   Thumb Code     0  _printf_percent.o(.ARM.Collect$$_printf_percent$$00000000)
    _printf_s                                0x080001eb   Thumb Code     0  _printf_s.o(.ARM.Collect$$_printf_percent$$00000014)
    _printf_percent_end                      0x080001f1   Thumb Code     0  _printf_percent_end.o(.ARM.Collect$$_printf_percent$$00000017)
    __rt_lib_init                            0x080001f5   Thumb Code     0  libinit.o(.ARM.Collect$$libinit$$00000000)
    __rt_lib_init_fp_1                       0x080001f7   Thumb Code     0  libinit2.o(.ARM.Collect$$libinit$$00000002)
    __rt_lib_init_heap_1                     0x080001f7   Thumb Code     0  libinit2.o(.ARM.Collect$$libinit$$00000008)
    __rt_lib_init_lc_common                  0x080001f7   Thumb Code     0  libinit2.o(.ARM.Collect$$libinit$$0000000D)
    __rt_lib_init_rand_1                     0x080001f7   Thumb Code     0  libinit2.o(.ARM.Collect$$libinit$$0000000C)
    __rt_lib_init_user_alloc_1               0x080001f7   Thumb Code     0  libinit2.o(.ARM.Collect$$libinit$$0000000A)
    __rt_lib_init_lc_collate_1               0x080001fd   Thumb Code     0  libinit2.o(.ARM.Collect$$libinit$$0000000F)
    __rt_lib_init_lc_ctype_2                 0x080001fd   Thumb Code     0  libinit2.o(.ARM.Collect$$libinit$$00000010)
    __rt_lib_init_alloca_1                   0x08000209   Thumb Code     0  libinit2.o(.ARM.Collect$$libinit$$0000002C)
    __rt_lib_init_argv_1                     0x08000209   Thumb Code     0  libinit2.o(.ARM.Collect$$libinit$$0000002A)
    __rt_lib_init_atexit_1                   0x08000209   Thumb Code     0  libinit2.o(.ARM.Collect$$libinit$$00000019)
    __rt_lib_init_clock_1                    0x08000209   Thumb Code     0  libinit2.o(.ARM.Collect$$libinit$$0000001F)
    __rt_lib_init_cpp_1                      0x08000209   Thumb Code     0  libinit2.o(.ARM.Collect$$libinit$$00000030)
    __rt_lib_init_exceptions_1               0x08000209   Thumb Code     0  libinit2.o(.ARM.Collect$$libinit$$0000002E)
    __rt_lib_init_fp_trap_1                  0x08000209   Thumb Code     0  libinit2.o(.ARM.Collect$$libinit$$0000001D)
    __rt_lib_init_getenv_1                   0x08000209   Thumb Code     0  libinit2.o(.ARM.Collect$$libinit$$00000021)
    __rt_lib_init_lc_ctype_1                 0x08000209   Thumb Code     0  libinit2.o(.ARM.Collect$$libinit$$00000011)
    __rt_lib_init_lc_monetary_1              0x08000209   Thumb Code     0  libinit2.o(.ARM.Collect$$libinit$$00000013)
    __rt_lib_init_lc_numeric_1               0x08000209   Thumb Code     0  libinit2.o(.ARM.Collect$$libinit$$00000015)
    __rt_lib_init_lc_time_1                  0x08000209   Thumb Code     0  libinit2.o(.ARM.Collect$$libinit$$00000017)
    __rt_lib_init_return                     0x08000209   Thumb Code     0  libinit2.o(.ARM.Collect$$libinit$$00000031)
    __rt_lib_init_signal_1                   0x08000209   Thumb Code     0  libinit2.o(.ARM.Collect$$libinit$$0000001B)
    __rt_lib_init_stdio_1                    0x08000209   Thumb Code     0  libinit2.o(.ARM.Collect$$libinit$$00000023)
    __rt_lib_shutdown                        0x0800020b   Thumb Code     0  libshutdown.o(.ARM.Collect$$libshutdown$$00000000)
    __rt_lib_shutdown_fp_trap_1              0x0800020d   Thumb Code     0  libshutdown2.o(.ARM.Collect$$libshutdown$$00000006)
    __rt_lib_shutdown_heap_1                 0x0800020d   Thumb Code     0  libshutdown2.o(.ARM.Collect$$libshutdown$$0000000E)
    __rt_lib_shutdown_return                 0x0800020d   Thumb Code     0  libshutdown2.o(.ARM.Collect$$libshutdown$$0000000F)
    __rt_lib_shutdown_signal_1               0x0800020d   Thumb Code     0  libshutdown2.o(.ARM.Collect$$libshutdown$$00000009)
    __rt_lib_shutdown_stdio_1                0x0800020d   Thumb Code     0  libshutdown2.o(.ARM.Collect$$libshutdown$$00000003)
    __rt_lib_shutdown_user_alloc_1           0x0800020d   Thumb Code     0  libshutdown2.o(.ARM.Collect$$libshutdown$$0000000B)
    __rt_entry                               0x0800020f   Thumb Code     0  rtentry.o(.ARM.Collect$$rtentry$$00000000)
    __rt_entry_presh_1                       0x0800020f   Thumb Code     0  rtentry2.o(.ARM.Collect$$rtentry$$00000002)
    __rt_entry_sh                            0x0800020f   Thumb Code     0  rtentry4.o(.ARM.Collect$$rtentry$$00000004)
    __rt_entry_li                            0x08000215   Thumb Code     0  rtentry2.o(.ARM.Collect$$rtentry$$0000000A)
    __rt_entry_postsh_1                      0x08000215   Thumb Code     0  rtentry2.o(.ARM.Collect$$rtentry$$00000009)
    __rt_entry_main                          0x08000219   Thumb Code     0  rtentry2.o(.ARM.Collect$$rtentry$$0000000D)
    __rt_entry_postli_1                      0x08000219   Thumb Code     0  rtentry2.o(.ARM.Collect$$rtentry$$0000000C)
    __rt_exit                                0x08000221   Thumb Code     0  rtexit.o(.ARM.Collect$$rtexit$$00000000)
    __rt_exit_ls                             0x08000223   Thumb Code     0  rtexit2.o(.ARM.Collect$$rtexit$$00000003)
    __rt_exit_prels_1                        0x08000223   Thumb Code     0  rtexit2.o(.ARM.Collect$$rtexit$$00000002)
    __rt_exit_exit                           0x08000227   Thumb Code     0  rtexit2.o(.ARM.Collect$$rtexit$$00000004)
    Reset_Handler                            0x0800022d   Thumb Code     8  startup_stm32f10x_hd.o(.text)
    ADC1_2_IRQHandler                        0x08000247   Thumb Code     0  startup_stm32f10x_hd.o(.text)
    ADC3_IRQHandler                          0x08000247   Thumb Code     0  startup_stm32f10x_hd.o(.text)
    CAN1_RX1_IRQHandler                      0x08000247   Thumb Code     0  startup_stm32f10x_hd.o(.text)
    CAN1_SCE_IRQHandler                      0x08000247   Thumb Code     0  startup_stm32f10x_hd.o(.text)
    DMA1_Channel1_IRQHandler                 0x08000247   Thumb Code     0  startup_stm32f10x_hd.o(.text)
    DMA1_Channel2_IRQHandler                 0x08000247   Thumb Code     0  startup_stm32f10x_hd.o(.text)
    DMA1_Channel3_IRQHandler                 0x08000247   Thumb Code     0  startup_stm32f10x_hd.o(.text)
    DMA1_Channel4_IRQHandler                 0x08000247   Thumb Code     0  startup_stm32f10x_hd.o(.text)
    DMA1_Channel5_IRQHandler                 0x08000247   Thumb Code     0  startup_stm32f10x_hd.o(.text)
    DMA1_Channel6_IRQHandler                 0x08000247   Thumb Code     0  startup_stm32f10x_hd.o(.text)
    DMA1_Channel7_IRQHandler                 0x08000247   Thumb Code     0  startup_stm32f10x_hd.o(.text)
    DMA2_Channel1_IRQHandler                 0x08000247   Thumb Code     0  startup_stm32f10x_hd.o(.text)
    DMA2_Channel2_IRQHandler                 0x08000247   Thumb Code     0  startup_stm32f10x_hd.o(.text)
    DMA2_Channel3_IRQHandler                 0x08000247   Thumb Code     0  startup_stm32f10x_hd.o(.text)
    DMA2_Channel4_5_IRQHandler               0x08000247   Thumb Code     0  startup_stm32f10x_hd.o(.text)
    EXTI0_IRQHandler                         0x08000247   Thumb Code     0  startup_stm32f10x_hd.o(.text)
    EXTI15_10_IRQHandler                     0x08000247   Thumb Code     0  startup_stm32f10x_hd.o(.text)
    EXTI1_IRQHandler                         0x08000247   Thumb Code     0  startup_stm32f10x_hd.o(.text)
    EXTI2_IRQHandler                         0x08000247   Thumb Code     0  startup_stm32f10x_hd.o(.text)
    EXTI3_IRQHandler                         0x08000247   Thumb Code     0  startup_stm32f10x_hd.o(.text)
    EXTI4_IRQHandler                         0x08000247   Thumb Code     0  startup_stm32f10x_hd.o(.text)
    EXTI9_5_IRQHandler                       0x08000247   Thumb Code     0  startup_stm32f10x_hd.o(.text)
    FLASH_IRQHandler                         0x08000247   Thumb Code     0  startup_stm32f10x_hd.o(.text)
    FSMC_IRQHandler                          0x08000247   Thumb Code     0  startup_stm32f10x_hd.o(.text)
    I2C1_ER_IRQHandler                       0x08000247   Thumb Code     0  startup_stm32f10x_hd.o(.text)
    I2C1_EV_IRQHandler                       0x08000247   Thumb Code     0  startup_stm32f10x_hd.o(.text)
    I2C2_ER_IRQHandler                       0x08000247   Thumb Code     0  startup_stm32f10x_hd.o(.text)
    I2C2_EV_IRQHandler                       0x08000247   Thumb Code     0  startup_stm32f10x_hd.o(.text)
    PVD_IRQHandler                           0x08000247   Thumb Code     0  startup_stm32f10x_hd.o(.text)
    RCC_IRQHandler                           0x08000247   Thumb Code     0  startup_stm32f10x_hd.o(.text)
    RTCAlarm_IRQHandler                      0x08000247   Thumb Code     0  startup_stm32f10x_hd.o(.text)
    RTC_IRQHandler                           0x08000247   Thumb Code     0  startup_stm32f10x_hd.o(.text)
    SDIO_IRQHandler                          0x08000247   Thumb Code     0  startup_stm32f10x_hd.o(.text)
    SPI1_IRQHandler                          0x08000247   Thumb Code     0  startup_stm32f10x_hd.o(.text)
    SPI2_IRQHandler                          0x08000247   Thumb Code     0  startup_stm32f10x_hd.o(.text)
    SPI3_IRQHandler                          0x08000247   Thumb Code     0  startup_stm32f10x_hd.o(.text)
    TAMPER_IRQHandler                        0x08000247   Thumb Code     0  startup_stm32f10x_hd.o(.text)
    TIM1_BRK_IRQHandler                      0x08000247   Thumb Code     0  startup_stm32f10x_hd.o(.text)
    TIM1_CC_IRQHandler                       0x08000247   Thumb Code     0  startup_stm32f10x_hd.o(.text)
    TIM1_TRG_COM_IRQHandler                  0x08000247   Thumb Code     0  startup_stm32f10x_hd.o(.text)
    TIM1_UP_IRQHandler                       0x08000247   Thumb Code     0  startup_stm32f10x_hd.o(.text)
    TIM2_IRQHandler                          0x08000247   Thumb Code     0  startup_stm32f10x_hd.o(.text)
    TIM3_IRQHandler                          0x08000247   Thumb Code     0  startup_stm32f10x_hd.o(.text)
    TIM4_IRQHandler                          0x08000247   Thumb Code     0  startup_stm32f10x_hd.o(.text)
    TIM5_IRQHandler                          0x08000247   Thumb Code     0  startup_stm32f10x_hd.o(.text)
    TIM7_IRQHandler                          0x08000247   Thumb Code     0  startup_stm32f10x_hd.o(.text)
    TIM8_BRK_IRQHandler                      0x08000247   Thumb Code     0  startup_stm32f10x_hd.o(.text)
    TIM8_CC_IRQHandler                       0x08000247   Thumb Code     0  startup_stm32f10x_hd.o(.text)
    TIM8_TRG_COM_IRQHandler                  0x08000247   Thumb Code     0  startup_stm32f10x_hd.o(.text)
    TIM8_UP_IRQHandler                       0x08000247   Thumb Code     0  startup_stm32f10x_hd.o(.text)
    UART4_IRQHandler                         0x08000247   Thumb Code     0  startup_stm32f10x_hd.o(.text)
    UART5_IRQHandler                         0x08000247   Thumb Code     0  startup_stm32f10x_hd.o(.text)
    USBWakeUp_IRQHandler                     0x08000247   Thumb Code     0  startup_stm32f10x_hd.o(.text)
    USB_HP_CAN1_TX_IRQHandler                0x08000247   Thumb Code     0  startup_stm32f10x_hd.o(.text)
    USB_LP_CAN1_RX0_IRQHandler               0x08000247   Thumb Code     0  startup_stm32f10x_hd.o(.text)
    WWDG_IRQHandler                          0x08000247   Thumb Code     0  startup_stm32f10x_hd.o(.text)
    __user_initial_stackheap                 0x08000249   Thumb Code     0  startup_stm32f10x_hd.o(.text)
    NVIC_PriorityGroupConfig                 0x0800026d   Thumb Code    10  misc.o(.text)
    NVIC_Init                                0x08000277   Thumb Code   102  misc.o(.text)
    NVIC_SetVectorTable                      0x080002dd   Thumb Code    14  misc.o(.text)
    NVIC_SystemLPConfig                      0x080002eb   Thumb Code    34  misc.o(.text)
    SysTick_CLKSourceConfig                  0x0800030d   Thumb Code    40  misc.o(.text)
    ADC_DeInit                               0x08000349   Thumb Code    78  stm32f10x_adc.o(.text)
    ADC_Init                                 0x08000397   Thumb Code    70  stm32f10x_adc.o(.text)
    ADC_StructInit                           0x080003dd   Thumb Code    18  stm32f10x_adc.o(.text)
    ADC_Cmd                                  0x080003ef   Thumb Code    22  stm32f10x_adc.o(.text)
    ADC_DMACmd                               0x08000405   Thumb Code    22  stm32f10x_adc.o(.text)
    ADC_ITConfig                             0x0800041b   Thumb Code    24  stm32f10x_adc.o(.text)
    ADC_ResetCalibration                     0x08000433   Thumb Code    10  stm32f10x_adc.o(.text)
    ADC_GetResetCalibrationStatus            0x0800043d   Thumb Code    20  stm32f10x_adc.o(.text)
    ADC_StartCalibration                     0x08000451   Thumb Code    10  stm32f10x_adc.o(.text)
    ADC_GetCalibrationStatus                 0x0800045b   Thumb Code    20  stm32f10x_adc.o(.text)
    ADC_SoftwareStartConvCmd                 0x0800046f   Thumb Code    22  stm32f10x_adc.o(.text)
    ADC_GetSoftwareStartConvStatus           0x08000485   Thumb Code    20  stm32f10x_adc.o(.text)
    ADC_DiscModeChannelCountConfig           0x08000499   Thumb Code    24  stm32f10x_adc.o(.text)
    ADC_DiscModeCmd                          0x080004b1   Thumb Code    22  stm32f10x_adc.o(.text)
    ADC_RegularChannelConfig                 0x080004c7   Thumb Code   184  stm32f10x_adc.o(.text)
    ADC_ExternalTrigConvCmd                  0x0800057f   Thumb Code    22  stm32f10x_adc.o(.text)
    ADC_GetConversionValue                   0x08000595   Thumb Code     8  stm32f10x_adc.o(.text)
    ADC_GetDualModeConversionValue           0x0800059d   Thumb Code     8  stm32f10x_adc.o(.text)
    ADC_AutoInjectedConvCmd                  0x080005a5   Thumb Code    22  stm32f10x_adc.o(.text)
    ADC_InjectedDiscModeCmd                  0x080005bb   Thumb Code    22  stm32f10x_adc.o(.text)
    ADC_ExternalTrigInjectedConvConfig       0x080005d1   Thumb Code    16  stm32f10x_adc.o(.text)
    ADC_ExternalTrigInjectedConvCmd          0x080005e1   Thumb Code    22  stm32f10x_adc.o(.text)
    ADC_SoftwareStartInjectedConvCmd         0x080005f7   Thumb Code    22  stm32f10x_adc.o(.text)
    ADC_GetSoftwareStartInjectedConvCmdStatus 0x0800060d   Thumb Code    20  stm32f10x_adc.o(.text)
    ADC_InjectedChannelConfig                0x08000621   Thumb Code   130  stm32f10x_adc.o(.text)
    ADC_InjectedSequencerLengthConfig        0x080006a3   Thumb Code    24  stm32f10x_adc.o(.text)
    ADC_SetInjectedOffset                    0x080006bb   Thumb Code    20  stm32f10x_adc.o(.text)
    ADC_GetInjectedConversionValue           0x080006cf   Thumb Code    28  stm32f10x_adc.o(.text)
    ADC_AnalogWatchdogCmd                    0x080006eb   Thumb Code    16  stm32f10x_adc.o(.text)
    ADC_AnalogWatchdogThresholdsConfig       0x080006fb   Thumb Code     6  stm32f10x_adc.o(.text)
    ADC_AnalogWatchdogSingleChannelConfig    0x08000701   Thumb Code    16  stm32f10x_adc.o(.text)
    ADC_TempSensorVrefintCmd                 0x08000711   Thumb Code    64  stm32f10x_adc.o(.text)
    ADC_GetFlagStatus                        0x08000751   Thumb Code    18  stm32f10x_adc.o(.text)
    ADC_ClearFlag                            0x08000763   Thumb Code     6  stm32f10x_adc.o(.text)
    ADC_GetITStatus                          0x08000769   Thumb Code    36  stm32f10x_adc.o(.text)
    ADC_ClearITPendingBit                    0x0800078d   Thumb Code    10  stm32f10x_adc.o(.text)
    DMA_DeInit                               0x08000799   Thumb Code   324  stm32f10x_dma.o(.text)
    DMA_Init                                 0x080008dd   Thumb Code    60  stm32f10x_dma.o(.text)
    DMA_StructInit                           0x08000919   Thumb Code    26  stm32f10x_dma.o(.text)
    DMA_Cmd                                  0x08000933   Thumb Code    24  stm32f10x_dma.o(.text)
    DMA_ITConfig                             0x0800094b   Thumb Code    18  stm32f10x_dma.o(.text)
    DMA_SetCurrDataCounter                   0x0800095d   Thumb Code     4  stm32f10x_dma.o(.text)
    DMA_GetCurrDataCounter                   0x08000961   Thumb Code     8  stm32f10x_dma.o(.text)
    DMA_GetFlagStatus                        0x08000969   Thumb Code    38  stm32f10x_dma.o(.text)
    DMA_ClearFlag                            0x0800098f   Thumb Code    22  stm32f10x_dma.o(.text)
    DMA_GetITStatus                          0x080009a5   Thumb Code    38  stm32f10x_dma.o(.text)
    DMA_ClearITPendingBit                    0x080009cb   Thumb Code    22  stm32f10x_dma.o(.text)
    FLASH_SetLatency                         0x080009e9   Thumb Code    18  stm32f10x_flash.o(.text)
    FLASH_HalfCycleAccessCmd                 0x080009fb   Thumb Code    22  stm32f10x_flash.o(.text)
    FLASH_PrefetchBufferCmd                  0x08000a11   Thumb Code    22  stm32f10x_flash.o(.text)
    FLASH_Unlock                             0x08000a27   Thumb Code    12  stm32f10x_flash.o(.text)
    FLASH_UnlockBank1                        0x08000a33   Thumb Code    12  stm32f10x_flash.o(.text)
    FLASH_Lock                               0x08000a3f   Thumb Code    14  stm32f10x_flash.o(.text)
    FLASH_LockBank1                          0x08000a4d   Thumb Code    14  stm32f10x_flash.o(.text)
    FLASH_GetBank1Status                     0x08000a5b   Thumb Code    48  stm32f10x_flash.o(.text)
    FLASH_WaitForLastOperation               0x08000a8b   Thumb Code    38  stm32f10x_flash.o(.text)
    FLASH_ErasePage                          0x08000ab1   Thumb Code    72  stm32f10x_flash.o(.text)
    FLASH_EraseAllPages                      0x08000af9   Thumb Code    68  stm32f10x_flash.o(.text)
    FLASH_WaitForLastBank1Operation          0x08000b3d   Thumb Code    38  stm32f10x_flash.o(.text)
    FLASH_EraseAllBank1Pages                 0x08000b63   Thumb Code    68  stm32f10x_flash.o(.text)
    FLASH_GetReadOutProtectionStatus         0x08000ba7   Thumb Code    20  stm32f10x_flash.o(.text)
    FLASH_EraseOptionBytes                   0x08000bbb   Thumb Code   150  stm32f10x_flash.o(.text)
    FLASH_ProgramWord                        0x08000c51   Thumb Code   102  stm32f10x_flash.o(.text)
    FLASH_ProgramHalfWord                    0x08000cb7   Thumb Code    60  stm32f10x_flash.o(.text)
    FLASH_ProgramOptionByteData              0x08000cf3   Thumb Code    72  stm32f10x_flash.o(.text)
    FLASH_EnableWriteProtection              0x08000d3b   Thumb Code   200  stm32f10x_flash.o(.text)
    FLASH_ReadOutProtection                  0x08000e03   Thumb Code   156  stm32f10x_flash.o(.text)
    FLASH_UserOptionByteConfig               0x08000e9f   Thumb Code    88  stm32f10x_flash.o(.text)
    FLASH_GetUserOptionByte                  0x08000ef7   Thumb Code     8  stm32f10x_flash.o(.text)
    FLASH_GetWriteProtectionOptionByte       0x08000eff   Thumb Code     6  stm32f10x_flash.o(.text)
    FLASH_GetPrefetchBufferStatus            0x08000f05   Thumb Code    20  stm32f10x_flash.o(.text)
    FLASH_ITConfig                           0x08000f19   Thumb Code    26  stm32f10x_flash.o(.text)
    FLASH_GetFlagStatus                      0x08000f33   Thumb Code    42  stm32f10x_flash.o(.text)
    FLASH_ClearFlag                          0x08000f5d   Thumb Code     6  stm32f10x_flash.o(.text)
    FLASH_GetStatus                          0x08000f63   Thumb Code    48  stm32f10x_flash.o(.text)
    GPIO_DeInit                              0x08000fa5   Thumb Code   172  stm32f10x_gpio.o(.text)
    GPIO_AFIODeInit                          0x08001051   Thumb Code    20  stm32f10x_gpio.o(.text)
    GPIO_Init                                0x08001065   Thumb Code   274  stm32f10x_gpio.o(.text)
    GPIO_StructInit                          0x08001177   Thumb Code    16  stm32f10x_gpio.o(.text)
    GPIO_ReadInputDataBit                    0x08001187   Thumb Code    18  stm32f10x_gpio.o(.text)
    GPIO_ReadInputData                       0x08001199   Thumb Code     8  stm32f10x_gpio.o(.text)
    GPIO_ReadOutputDataBit                   0x080011a1   Thumb Code    18  stm32f10x_gpio.o(.text)
    GPIO_ReadOutputData                      0x080011b3   Thumb Code     8  stm32f10x_gpio.o(.text)
    GPIO_SetBits                             0x080011bb   Thumb Code     4  stm32f10x_gpio.o(.text)
    GPIO_ResetBits                           0x080011bf   Thumb Code     4  stm32f10x_gpio.o(.text)
    GPIO_WriteBit                            0x080011c3   Thumb Code    10  stm32f10x_gpio.o(.text)
    GPIO_Write                               0x080011cd   Thumb Code     4  stm32f10x_gpio.o(.text)
    GPIO_PinLockConfig                       0x080011d1   Thumb Code    18  stm32f10x_gpio.o(.text)
    GPIO_EventOutputConfig                   0x080011e3   Thumb Code    26  stm32f10x_gpio.o(.text)
    GPIO_EventOutputCmd                      0x080011fd   Thumb Code     6  stm32f10x_gpio.o(.text)
    GPIO_PinRemapConfig                      0x08001203   Thumb Code   138  stm32f10x_gpio.o(.text)
    GPIO_EXTILineConfig                      0x0800128d   Thumb Code    66  stm32f10x_gpio.o(.text)
    GPIO_ETH_MediaInterfaceConfig            0x080012cf   Thumb Code     6  stm32f10x_gpio.o(.text)
    IWDG_WriteAccessCmd                      0x080012fd   Thumb Code     6  stm32f10x_iwdg.o(.text)
    IWDG_SetPrescaler                        0x08001303   Thumb Code     6  stm32f10x_iwdg.o(.text)
    IWDG_SetReload                           0x08001309   Thumb Code     6  stm32f10x_iwdg.o(.text)
    IWDG_ReloadCounter                       0x0800130f   Thumb Code    10  stm32f10x_iwdg.o(.text)
    IWDG_Enable                              0x08001319   Thumb Code    10  stm32f10x_iwdg.o(.text)
    IWDG_GetFlagStatus                       0x08001323   Thumb Code    20  stm32f10x_iwdg.o(.text)
    RCC_DeInit                               0x0800133d   Thumb Code    64  stm32f10x_rcc.o(.text)
    RCC_HSEConfig                            0x0800137d   Thumb Code    70  stm32f10x_rcc.o(.text)
    RCC_GetFlagStatus                        0x080013c3   Thumb Code    56  stm32f10x_rcc.o(.text)
    RCC_WaitForHSEStartUp                    0x080013fb   Thumb Code    56  stm32f10x_rcc.o(.text)
    RCC_AdjustHSICalibrationValue            0x08001433   Thumb Code    20  stm32f10x_rcc.o(.text)
    RCC_HSICmd                               0x08001447   Thumb Code     6  stm32f10x_rcc.o(.text)
    RCC_PLLConfig                            0x0800144d   Thumb Code    24  stm32f10x_rcc.o(.text)
    RCC_PLLCmd                               0x08001465   Thumb Code     6  stm32f10x_rcc.o(.text)
    RCC_SYSCLKConfig                         0x0800146b   Thumb Code    18  stm32f10x_rcc.o(.text)
    RCC_GetSYSCLKSource                      0x0800147d   Thumb Code    10  stm32f10x_rcc.o(.text)
    RCC_HCLKConfig                           0x08001487   Thumb Code    18  stm32f10x_rcc.o(.text)
    RCC_PCLK1Config                          0x08001499   Thumb Code    18  stm32f10x_rcc.o(.text)
    RCC_PCLK2Config                          0x080014ab   Thumb Code    20  stm32f10x_rcc.o(.text)
    RCC_ITConfig                             0x080014bf   Thumb Code    26  stm32f10x_rcc.o(.text)
    RCC_USBCLKConfig                         0x080014d9   Thumb Code     6  stm32f10x_rcc.o(.text)
    RCC_ADCCLKConfig                         0x080014df   Thumb Code    18  stm32f10x_rcc.o(.text)
    RCC_LSEConfig                            0x080014f1   Thumb Code    44  stm32f10x_rcc.o(.text)
    RCC_LSICmd                               0x0800151d   Thumb Code     6  stm32f10x_rcc.o(.text)
    RCC_RTCCLKConfig                         0x08001523   Thumb Code    12  stm32f10x_rcc.o(.text)
    RCC_RTCCLKCmd                            0x0800152f   Thumb Code     8  stm32f10x_rcc.o(.text)
    RCC_GetClocksFreq                        0x08001537   Thumb Code   192  stm32f10x_rcc.o(.text)
    RCC_AHBPeriphClockCmd                    0x080015f7   Thumb Code    26  stm32f10x_rcc.o(.text)
    RCC_APB2PeriphClockCmd                   0x08001611   Thumb Code    26  stm32f10x_rcc.o(.text)
    RCC_APB1PeriphClockCmd                   0x0800162b   Thumb Code    26  stm32f10x_rcc.o(.text)
    RCC_APB2PeriphResetCmd                   0x08001645   Thumb Code    26  stm32f10x_rcc.o(.text)
    RCC_APB1PeriphResetCmd                   0x0800165f   Thumb Code    26  stm32f10x_rcc.o(.text)
    RCC_BackupResetCmd                       0x08001679   Thumb Code     8  stm32f10x_rcc.o(.text)
    RCC_ClockSecuritySystemCmd               0x08001681   Thumb Code     6  stm32f10x_rcc.o(.text)
    RCC_MCOConfig                            0x08001687   Thumb Code     6  stm32f10x_rcc.o(.text)
    RCC_ClearFlag                            0x0800168d   Thumb Code    14  stm32f10x_rcc.o(.text)
    RCC_GetITStatus                          0x0800169b   Thumb Code    20  stm32f10x_rcc.o(.text)
    RCC_ClearITPendingBit                    0x080016af   Thumb Code     6  stm32f10x_rcc.o(.text)
    TIM_DeInit                               0x080016e1   Thumb Code   424  stm32f10x_tim.o(.text)
    TIM_TimeBaseInit                         0x08001889   Thumb Code   122  stm32f10x_tim.o(.text)
    TIM_OC1Init                              0x08001903   Thumb Code   132  stm32f10x_tim.o(.text)
    TIM_OC2Init                              0x08001987   Thumb Code   154  stm32f10x_tim.o(.text)
    TIM_OC3Init                              0x08001a21   Thumb Code   150  stm32f10x_tim.o(.text)
    TIM_OC4Init                              0x08001ab7   Thumb Code   182  stm32f10x_tim.o(.text)
    TIM_SetIC4Prescaler                      0x08001b6d   Thumb Code    26  stm32f10x_tim.o(.text)
    TIM_SetIC3Prescaler                      0x08001c09   Thumb Code    18  stm32f10x_tim.o(.text)
    TIM_SetIC2Prescaler                      0x08001c95   Thumb Code    26  stm32f10x_tim.o(.text)
    TIM_SetIC1Prescaler                      0x08001d31   Thumb Code    18  stm32f10x_tim.o(.text)
    TIM_ICInit                               0x08001daf   Thumb Code   150  stm32f10x_tim.o(.text)
    TIM_PWMIConfig                           0x08001e45   Thumb Code   124  stm32f10x_tim.o(.text)
    TIM_BDTRConfig                           0x08001ec1   Thumb Code    32  stm32f10x_tim.o(.text)
    TIM_TimeBaseStructInit                   0x08001ee1   Thumb Code    18  stm32f10x_tim.o(.text)
    TIM_OCStructInit                         0x08001ef3   Thumb Code    20  stm32f10x_tim.o(.text)
    TIM_ICStructInit                         0x08001f07   Thumb Code    18  stm32f10x_tim.o(.text)
    TIM_BDTRStructInit                       0x08001f19   Thumb Code    40  stm32f10x_tim.o(.text)
    TIM_Cmd                                  0x08001f41   Thumb Code    24  stm32f10x_tim.o(.text)
    TIM_CtrlPWMOutputs                       0x08001f59   Thumb Code    30  stm32f10x_tim.o(.text)
    TIM_ITConfig                             0x08001f77   Thumb Code    18  stm32f10x_tim.o(.text)
    TIM_GenerateEvent                        0x08001f89   Thumb Code     4  stm32f10x_tim.o(.text)
    TIM_DMAConfig                            0x08001f8d   Thumb Code    10  stm32f10x_tim.o(.text)
    TIM_DMACmd                               0x08001f97   Thumb Code    18  stm32f10x_tim.o(.text)
    TIM_InternalClockConfig                  0x08001fa9   Thumb Code    12  stm32f10x_tim.o(.text)
    TIM_SelectInputTrigger                   0x08001fb5   Thumb Code    18  stm32f10x_tim.o(.text)
    TIM_ITRxExternalClockConfig              0x08001fc7   Thumb Code    24  stm32f10x_tim.o(.text)
    TIM_TIxExternalClockConfig               0x08001fdf   Thumb Code    62  stm32f10x_tim.o(.text)
    TIM_ETRConfig                            0x0800201d   Thumb Code    28  stm32f10x_tim.o(.text)
    TIM_ETRClockMode1Config                  0x08002039   Thumb Code    54  stm32f10x_tim.o(.text)
    TIM_ETRClockMode2Config                  0x0800206f   Thumb Code    32  stm32f10x_tim.o(.text)
    TIM_PrescalerConfig                      0x0800208f   Thumb Code     6  stm32f10x_tim.o(.text)
    TIM_CounterModeConfig                    0x08002095   Thumb Code    18  stm32f10x_tim.o(.text)
    TIM_EncoderInterfaceConfig               0x080020a7   Thumb Code    66  stm32f10x_tim.o(.text)
    TIM_ForcedOC1Config                      0x080020e9   Thumb Code    18  stm32f10x_tim.o(.text)
    TIM_ForcedOC2Config                      0x080020fb   Thumb Code    26  stm32f10x_tim.o(.text)
    TIM_ForcedOC3Config                      0x08002115   Thumb Code    18  stm32f10x_tim.o(.text)
    TIM_ForcedOC4Config                      0x08002127   Thumb Code    26  stm32f10x_tim.o(.text)
    TIM_ARRPreloadConfig                     0x08002141   Thumb Code    24  stm32f10x_tim.o(.text)
    TIM_SelectCOM                            0x08002159   Thumb Code    24  stm32f10x_tim.o(.text)
    TIM_SelectCCDMA                          0x08002171   Thumb Code    24  stm32f10x_tim.o(.text)
    TIM_CCPreloadControl                     0x08002189   Thumb Code    24  stm32f10x_tim.o(.text)
    TIM_OC1PreloadConfig                     0x080021a1   Thumb Code    18  stm32f10x_tim.o(.text)
    TIM_OC2PreloadConfig                     0x080021b3   Thumb Code    26  stm32f10x_tim.o(.text)
    TIM_OC3PreloadConfig                     0x080021cd   Thumb Code    18  stm32f10x_tim.o(.text)
    TIM_OC4PreloadConfig                     0x080021df   Thumb Code    26  stm32f10x_tim.o(.text)
    TIM_OC1FastConfig                        0x080021f9   Thumb Code    18  stm32f10x_tim.o(.text)
    TIM_OC2FastConfig                        0x0800220b   Thumb Code    26  stm32f10x_tim.o(.text)
    TIM_OC3FastConfig                        0x08002225   Thumb Code    18  stm32f10x_tim.o(.text)
    TIM_OC4FastConfig                        0x08002237   Thumb Code    26  stm32f10x_tim.o(.text)
    TIM_ClearOC1Ref                          0x08002251   Thumb Code    18  stm32f10x_tim.o(.text)
    TIM_ClearOC2Ref                          0x08002263   Thumb Code    24  stm32f10x_tim.o(.text)
    TIM_ClearOC3Ref                          0x0800227b   Thumb Code    18  stm32f10x_tim.o(.text)
    TIM_ClearOC4Ref                          0x0800228d   Thumb Code    24  stm32f10x_tim.o(.text)
    TIM_OC1PolarityConfig                    0x080022a5   Thumb Code    18  stm32f10x_tim.o(.text)
    TIM_OC1NPolarityConfig                   0x080022b7   Thumb Code    18  stm32f10x_tim.o(.text)
    TIM_OC2PolarityConfig                    0x080022c9   Thumb Code    26  stm32f10x_tim.o(.text)
    TIM_OC2NPolarityConfig                   0x080022e3   Thumb Code    26  stm32f10x_tim.o(.text)
    TIM_OC3PolarityConfig                    0x080022fd   Thumb Code    26  stm32f10x_tim.o(.text)
    TIM_OC3NPolarityConfig                   0x08002317   Thumb Code    26  stm32f10x_tim.o(.text)
    TIM_OC4PolarityConfig                    0x08002331   Thumb Code    26  stm32f10x_tim.o(.text)
    TIM_CCxCmd                               0x0800234b   Thumb Code    30  stm32f10x_tim.o(.text)
    TIM_CCxNCmd                              0x08002369   Thumb Code    30  stm32f10x_tim.o(.text)
    TIM_SelectOCxM                           0x08002387   Thumb Code    82  stm32f10x_tim.o(.text)
    TIM_UpdateDisableConfig                  0x080023d9   Thumb Code    24  stm32f10x_tim.o(.text)
    TIM_UpdateRequestConfig                  0x080023f1   Thumb Code    24  stm32f10x_tim.o(.text)
    TIM_SelectHallSensor                     0x08002409   Thumb Code    24  stm32f10x_tim.o(.text)
    TIM_SelectOnePulseMode                   0x08002421   Thumb Code    18  stm32f10x_tim.o(.text)
    TIM_SelectOutputTrigger                  0x08002433   Thumb Code    18  stm32f10x_tim.o(.text)
    TIM_SelectSlaveMode                      0x08002445   Thumb Code    18  stm32f10x_tim.o(.text)
    TIM_SelectMasterSlaveMode                0x08002457   Thumb Code    18  stm32f10x_tim.o(.text)
    TIM_SetCounter                           0x08002469   Thumb Code     4  stm32f10x_tim.o(.text)
    TIM_SetAutoreload                        0x0800246d   Thumb Code     4  stm32f10x_tim.o(.text)
    TIM_SetCompare1                          0x08002471   Thumb Code     4  stm32f10x_tim.o(.text)
    TIM_SetCompare2                          0x08002475   Thumb Code     4  stm32f10x_tim.o(.text)
    TIM_SetCompare3                          0x08002479   Thumb Code     4  stm32f10x_tim.o(.text)
    TIM_SetCompare4                          0x0800247d   Thumb Code     6  stm32f10x_tim.o(.text)
    TIM_SetClockDivision                     0x08002483   Thumb Code    18  stm32f10x_tim.o(.text)
    TIM_GetCapture1                          0x08002495   Thumb Code     6  stm32f10x_tim.o(.text)
    TIM_GetCapture2                          0x0800249b   Thumb Code     6  stm32f10x_tim.o(.text)
    TIM_GetCapture3                          0x080024a1   Thumb Code     6  stm32f10x_tim.o(.text)
    TIM_GetCapture4                          0x080024a7   Thumb Code     8  stm32f10x_tim.o(.text)
    TIM_GetCounter                           0x080024af   Thumb Code     6  stm32f10x_tim.o(.text)
    TIM_GetPrescaler                         0x080024b5   Thumb Code     6  stm32f10x_tim.o(.text)
    TIM_GetFlagStatus                        0x080024bb   Thumb Code    18  stm32f10x_tim.o(.text)
    TIM_ClearFlag                            0x080024cd   Thumb Code     6  stm32f10x_tim.o(.text)
    TIM_GetITStatus                          0x080024d3   Thumb Code    34  stm32f10x_tim.o(.text)
    TIM_ClearITPendingBit                    0x080024f5   Thumb Code     6  stm32f10x_tim.o(.text)
    USART_DeInit                             0x080024fd   Thumb Code   134  stm32f10x_usart.o(.text)
    USART_Init                               0x08002583   Thumb Code   210  stm32f10x_usart.o(.text)
    USART_StructInit                         0x08002655   Thumb Code    24  stm32f10x_usart.o(.text)
    USART_ClockInit                          0x0800266d   Thumb Code    34  stm32f10x_usart.o(.text)
    USART_ClockStructInit                    0x0800268f   Thumb Code    12  stm32f10x_usart.o(.text)
    USART_Cmd                                0x0800269b   Thumb Code    24  stm32f10x_usart.o(.text)
    USART_ITConfig                           0x080026b3   Thumb Code    74  stm32f10x_usart.o(.text)
    USART_DMACmd                             0x080026fd   Thumb Code    18  stm32f10x_usart.o(.text)
    USART_SetAddress                         0x0800270f   Thumb Code    18  stm32f10x_usart.o(.text)
    USART_WakeUpConfig                       0x08002721   Thumb Code    18  stm32f10x_usart.o(.text)
    USART_ReceiverWakeUpCmd                  0x08002733   Thumb Code    24  stm32f10x_usart.o(.text)
    USART_LINBreakDetectLengthConfig         0x0800274b   Thumb Code    18  stm32f10x_usart.o(.text)
    USART_LINCmd                             0x0800275d   Thumb Code    24  stm32f10x_usart.o(.text)
    USART_SendData                           0x08002775   Thumb Code     8  stm32f10x_usart.o(.text)
    USART_ReceiveData                        0x0800277d   Thumb Code    10  stm32f10x_usart.o(.text)
    USART_SendBreak                          0x08002787   Thumb Code    10  stm32f10x_usart.o(.text)
    USART_SetGuardTime                       0x08002791   Thumb Code    16  stm32f10x_usart.o(.text)
    USART_SetPrescaler                       0x080027a1   Thumb Code    16  stm32f10x_usart.o(.text)
    USART_SmartCardCmd                       0x080027b1   Thumb Code    24  stm32f10x_usart.o(.text)
    USART_SmartCardNACKCmd                   0x080027c9   Thumb Code    24  stm32f10x_usart.o(.text)
    USART_HalfDuplexCmd                      0x080027e1   Thumb Code    24  stm32f10x_usart.o(.text)
    USART_OverSampling8Cmd                   0x080027f9   Thumb Code    22  stm32f10x_usart.o(.text)
    USART_OneBitMethodCmd                    0x0800280f   Thumb Code    24  stm32f10x_usart.o(.text)
    USART_IrDAConfig                         0x08002827   Thumb Code    18  stm32f10x_usart.o(.text)
    USART_IrDACmd                            0x08002839   Thumb Code    24  stm32f10x_usart.o(.text)
    USART_GetFlagStatus                      0x08002851   Thumb Code    26  stm32f10x_usart.o(.text)
    USART_ClearFlag                          0x0800286b   Thumb Code    18  stm32f10x_usart.o(.text)
    USART_GetITStatus                        0x0800287d   Thumb Code    84  stm32f10x_usart.o(.text)
    USART_ClearITPendingBit                  0x080028d1   Thumb Code    52  stm32f10x_usart.o(.text)
    iwdg_init                                0x08002905   Thumb Code    62  main.o(.text)
    run_led                                  0x08002943   Thumb Code    38  main.o(.text)
    led_init                                 0x08002969   Thumb Code    50  main.o(.text)
    main                                     0x0800299b   Thumb Code   110  main.o(.text)
    NMI_Handler                              0x08002a1d   Thumb Code     2  stm32f10x_it.o(.text)
    HardFault_Handler                        0x08002a1f   Thumb Code     4  stm32f10x_it.o(.text)
    MemManage_Handler                        0x08002a23   Thumb Code     4  stm32f10x_it.o(.text)
    BusFault_Handler                         0x08002a27   Thumb Code     4  stm32f10x_it.o(.text)
    UsageFault_Handler                       0x08002a2b   Thumb Code     4  stm32f10x_it.o(.text)
    SVC_Handler                              0x08002a2f   Thumb Code     2  stm32f10x_it.o(.text)
    DebugMon_Handler                         0x08002a31   Thumb Code     2  stm32f10x_it.o(.text)
    PendSV_Handler                           0x08002a33   Thumb Code     2  stm32f10x_it.o(.text)
    SysTick_Handler                          0x08002a35   Thumb Code     2  stm32f10x_it.o(.text)
    USART1_IRQHandler                        0x08002a37   Thumb Code    54  stm32f10x_it.o(.text)
    USART2_IRQHandler                        0x08002a6d   Thumb Code    54  stm32f10x_it.o(.text)
    USART3_IRQHandler                        0x08002aa3   Thumb Code    54  stm32f10x_it.o(.text)
    TIM6_IRQHandler                          0x08002ad9   Thumb Code    66  stm32f10x_it.o(.text)
    get_time6_cnt                            0x08002b1b   Thumb Code     6  stm32f10x_it.o(.text)
    SystemInit                               0x08002c25   Thumb Code    78  system_stm32f10x.o(.text)
    SystemCoreClockUpdate                    0x08002c73   Thumb Code   142  system_stm32f10x.o(.text)
    uart_buf_init                            0x08002d25   Thumb Code    62  uart.o(.text)
    GPIO_Configuration                       0x08002d63   Thumb Code   162  uart.o(.text)
    NVIC_Configuration                       0x08002e05   Thumb Code    82  uart.o(.text)
    RCC_Configuration                        0x08002e57   Thumb Code    36  uart.o(.text)
    uart_init                                0x08002e7b   Thumb Code   124  uart.o(.text)
    my_putchar                               0x08002ef7   Thumb Code    28  uart.o(.text)
    my_putdata                               0x08002f13   Thumb Code    26  uart.o(.text)
    uart_send                                0x08002f2d   Thumb Code    58  uart.o(.text)
    my_putstr                                0x08002f67   Thumb Code    24  uart.o(.text)
    queue_buf_init                           0x08002fb1   Thumb Code    76  common.o(.text)
    queue_buf_exit                           0x08002ffd   Thumb Code    28  common.o(.text)
    get_queue_buf_len                        0x08003019   Thumb Code    18  common.o(.text)
    push_queue_buf                           0x0800302b   Thumb Code    70  common.o(.text)
    pop_queue_buf                            0x08003071   Thumb Code    64  common.o(.text)
    hex2uint16                               0x080030b1   Thumb Code    12  common.o(.text)
    hex2ascii                                0x080030bd   Thumb Code    52  common.o(.text)
    hex2ascii_ex                             0x080030f1   Thumb Code    56  common.o(.text)
    _ascii2hex                               0x08003129   Thumb Code    52  common.o(.text)
    ascii2hex                                0x0800315d   Thumb Code    58  common.o(.text)
    ascii2hex_ex                             0x08003197   Thumb Code    52  common.o(.text)
    signed_1to4                              0x080031cb   Thumb Code    22  common.o(.text)
    signed_2to4                              0x080031e1   Thumb Code    20  common.o(.text)
    swap                                     0x080031f5   Thumb Code    10  common.o(.text)
    shift_left                               0x080031ff   Thumb Code    40  common.o(.text)
    crc16                                    0x08003227   Thumb Code    44  common.o(.text)
    my_itoa                                  0x08003253   Thumb Code   140  common.o(.text)
    my_printf                                0x080032df   Thumb Code   212  common.o(.text)
    float2int                                0x080033b3   Thumb Code    74  common.o(.text)
    fun_comm                                 0x08003411   Thumb Code   362  protocol.o(.text)
    fun_0150                                 0x0800357b   Thumb Code   146  protocol.o(.text)
    write_to_buf32bit                        0x0800360d   Thumb Code    60  protocol.o(.text)
    read_from_buf32bit                       0x08003649   Thumb Code    76  protocol.o(.text)
    write_to_flash                           0x08003695   Thumb Code    20  protocol.o(.text)
    read_from_flash                          0x080036a9   Thumb Code    20  protocol.o(.text)
    check_crc                                0x080036bd   Thumb Code    52  protocol.o(.text)
    recv_local_omc                           0x080036f1   Thumb Code   190  protocol.o(.text)
    ap_esc_process                           0x080037af   Thumb Code    76  protocol.o(.text)
    query_idlist                             0x080037fb   Thumb Code   178  protocol.o(.text)
    _ltv_deal                                0x080038ad   Thumb Code    96  protocol.o(.text)
    ltv_deal                                 0x0800390d   Thumb Code   232  protocol.o(.text)
    ap_deal                                  0x080039f5   Thumb Code   278  protocol.o(.text)
    get_esc_cnt                              0x08003b0b   Thumb Code    38  protocol.o(.text)
    prepare_send                             0x08003b31   Thumb Code   160  protocol.o(.text)
    local_deal                               0x08003bd1   Thumb Code   132  protocol.o(.text)
    gpio_init                                0x08003c55   Thumb Code    74  protocol.o(.text)
    get_ext1                                 0x08003c9f   Thumb Code   110  protocol.o(.text)
    get_ext2                                 0x08003d0d   Thumb Code    20  protocol.o(.text)
    get_ext3                                 0x08003d21   Thumb Code    20  protocol.o(.text)
    get_ext4                                 0x08003d35   Thumb Code    20  protocol.o(.text)
    get_ext5                                 0x08003d49   Thumb Code    20  protocol.o(.text)
    get_ext6                                 0x08003d5d   Thumb Code    20  protocol.o(.text)
    get_ac                                   0x08003d71   Thumb Code    24  protocol.o(.text)
    get_dc                                   0x08003d89   Thumb Code    24  protocol.o(.text)
    get_bat                                  0x08003da1   Thumb Code    26  protocol.o(.text)
    get_location                             0x08003dbb   Thumb Code    22  protocol.o(.text)
    get_dl_pw_under                          0x08003dd1   Thumb Code    22  protocol.o(.text)
    get_swr                                  0x08003de7   Thumb Code    20  protocol.o(.text)
    read_swr                                 0x08003dfb   Thumb Code   326  protocol.o(.text)
    check_alarm                              0x08003f41   Thumb Code   728  protocol.o(.text)
    apb_hex2asc                              0x08004219   Thumb Code    66  protocol.o(.text)
    is_alarm                                 0x0800425b   Thumb Code    48  protocol.o(.text)
    read_alarm                               0x0800428b   Thumb Code   106  protocol.o(.text)
    report                                   0x080042f5   Thumb Code   190  protocol.o(.text)
    check_report                             0x080043b3   Thumb Code   286  protocol.o(.text)
    flash_write                              0x08004515   Thumb Code   142  flash.o(.text)
    flash_read                               0x080045a3   Thumb Code    46  flash.o(.text)
    DS1302InputByte                          0x080045e5   Thumb Code    70  ds1302.o(.text)
    DS1302OutputByte                         0x0800462b   Thumb Code    64  ds1302.o(.text)
    Write1302                                0x0800466b   Thumb Code    92  ds1302.o(.text)
    Read1302                                 0x080046c7   Thumb Code   116  ds1302.o(.text)
    DS1302_SetProtect                        0x0800473b   Thumb Code    26  ds1302.o(.text)
    DS1302_GetTime                           0x08004755   Thumb Code    54  ds1302.o(.text)
    DS1302_SetTime                           0x0800478b   Thumb Code    66  ds1302.o(.text)
    Initial_DS1302                           0x080047cd   Thumb Code    64  ds1302.o(.text)
    BurstWrite1302                           0x0800480d   Thumb Code   112  ds1302.o(.text)
    BurstRead1302                            0x0800487d   Thumb Code   126  ds1302.o(.text)
    DS1302_TimeStop                          0x080048fb   Thumb Code    44  ds1302.o(.text)
    adc_init                                 0x08004931   Thumb Code   390  adc.o(.text)
    get_voltage                              0x08004ab7   Thumb Code    70  adc.o(.text)
    time6_init                               0x08004b11   Thumb Code   106  time.o(.text)
    modem_power_open                         0x08004b81   Thumb Code    12  modem.o(.text)
    modem_power_close                        0x08004b8d   Thumb Code    12  modem.o(.text)
    set_modem_state_machine                  0x08004b99   Thumb Code     6  modem.o(.text)
    reset_modem                              0x08004b9f   Thumb Code    62  modem.o(.text)
    modem_power_init                         0x08004bdd   Thumb Code    58  modem.o(.text)
    clear_flag_all                           0x08004c17   Thumb Code     8  modem.o(.text)
    set_flag                                 0x08004c1f   Thumb Code    12  modem.o(.text)
    clear_flag                               0x08004c2b   Thumb Code    12  modem.o(.text)
    read_flag                                0x08004c37   Thumb Code    18  modem.o(.text)
    check_flag                               0x08004c49   Thumb Code    36  modem.o(.text)
    sms_prepare_send                         0x08004c6d   Thumb Code    66  modem.o(.text)
    deal_sms                                 0x08004caf   Thumb Code   204  modem.o(.text)
    check_telnum                             0x08004d7b   Thumb Code    70  modem.o(.text)
    recv_modem                               0x08004dc1   Thumb Code   872  modem.o(.text)
    modem_init                               0x08005129   Thumb Code    60  modem.o(.text)
    modem_read_sms                           0x08005165   Thumb Code   180  modem.o(.text)
    modem_send_sms                           0x08005219   Thumb Code   214  modem.o(.text)
    modem_state_machine                      0x080052ef   Thumb Code    48  modem.o(.text)
    at_cmd                                   0x0800531f   Thumb Code    98  modem.o(.text)
    at_cmd_sms                               0x08005381   Thumb Code   124  modem.o(.text)
    __2sprintf                               0x080054dd   Thumb Code    34  noretval__2sprintf.o(.text)
    __printf                                 0x08005505   Thumb Code   104  __printf.o(.text)
    _printf_str                              0x0800556d   Thumb Code    82  _printf_str.o(.text)
    _printf_int_dec                          0x080055c1   Thumb Code   102  _printf_dec.o(.text)
    atoi                                     0x08005639   Thumb Code    26  atoi.o(.text)
    strstr                                   0x08005653   Thumb Code    36  strstr.o(.text)
    memcmp                                   0x08005677   Thumb Code    88  memcmp.o(.text)
    strlen                                   0x080056cf   Thumb Code    62  strlen.o(.text)
    __aeabi_memcpy                           0x0800570d   Thumb Code     0  rt_memcpy_v6.o(.text)
    __rt_memcpy                              0x0800570d   Thumb Code   138  rt_memcpy_v6.o(.text)
    _memcpy_lastbytes                        0x08005773   Thumb Code     0  rt_memcpy_v6.o(.text)
    __aeabi_memcpy4                          0x08005797   Thumb Code     0  rt_memcpy_w.o(.text)
    __aeabi_memcpy8                          0x08005797   Thumb Code     0  rt_memcpy_w.o(.text)
    __rt_memcpy_w                            0x08005797   Thumb Code   100  rt_memcpy_w.o(.text)
    _memcpy_lastbytes_aligned                0x080057df   Thumb Code     0  rt_memcpy_w.o(.text)
    __aeabi_memclr4                          0x080057fb   Thumb Code     0  rt_memclr_w.o(.text)
    __aeabi_memclr8                          0x080057fb   Thumb Code     0  rt_memclr_w.o(.text)
    __rt_memclr_w                            0x080057fb   Thumb Code    78  rt_memclr_w.o(.text)
    _memset_w                                0x080057ff   Thumb Code     0  rt_memclr_w.o(.text)
    __use_two_region_memory                  0x08005849   Thumb Code     2  heapauxi.o(.text)
    __rt_heap_escrow$2region                 0x0800584b   Thumb Code     2  heapauxi.o(.text)
    __rt_heap_expand$2region                 0x0800584d   Thumb Code     2  heapauxi.o(.text)
    __aeabi_errno_addr                       0x08005851   Thumb Code     8  rt_errno_addr_intlibspace.o(.text)
    __errno$intlibspace                      0x08005851   Thumb Code     0  rt_errno_addr_intlibspace.o(.text)
    __rt_errno_addr$intlibspace              0x08005851   Thumb Code     0  rt_errno_addr_intlibspace.o(.text)
    _printf_int_common                       0x08005859   Thumb Code   184  _printf_intcommon.o(.text)
    _printf_char_common                      0x0800591b   Thumb Code    32  _printf_char_common.o(.text)
    _sputc                                   0x08005941   Thumb Code    10  _sputc.o(.text)
    _printf_cs_common                        0x0800594b   Thumb Code    20  _printf_char.o(.text)
    _printf_char                             0x0800595f   Thumb Code    16  _printf_char.o(.text)
    _printf_string                           0x0800596f   Thumb Code     8  _printf_char.o(.text)
    strtol                                   0x08005977   Thumb Code   112  strtol.o(.text)
    __user_libspace                          0x080059e9   Thumb Code     8  libspace.o(.text)
    __user_perproc_libspace                  0x080059e9   Thumb Code     0  libspace.o(.text)
    __user_perthread_libspace                0x080059e9   Thumb Code     0  libspace.o(.text)
    __rt_ctype_table                         0x080059f1   Thumb Code    16  rt_ctype_table.o(.text)
    _strtoul                                 0x08005a01   Thumb Code   158  _strtoul.o(.text)
    __user_setup_stackheap                   0x08005a9f   Thumb Code    74  sys_stackheap_outer.o(.text)
    __rt_locale                              0x08005ae9   Thumb Code     8  rt_locale_intlibspace.o(.text)
    _chval                                   0x08005af1   Thumb Code    28  _chval.o(.text)
    exit                                     0x08005b0d   Thumb Code    12  exit.o(.text)
    strcmp                                   0x08005b19   Thumb Code   128  strcmpv7m.o(.text)
    _sys_exit                                0x08005b99   Thumb Code     8  sys_exit.o(.text)
    __I$use$semihosting                      0x08005ba5   Thumb Code     0  use_no_semi.o(.text)
    __use_no_semihosting_swi                 0x08005ba5   Thumb Code     2  use_no_semi.o(.text)
    __semihosting_library_function           0x08005ba7   Thumb Code     0  indicate_semi.o(.text)
    _get_lc_ctype                            0x08005ba9   Thumb Code    44  lc_ctype_c.o(locale$$code)
    __aeabi_dadd                             0x08005bd5   Thumb Code     0  daddsub_clz.o(x$fpl$dadd)
    _dadd                                    0x08005bd5   Thumb Code   332  daddsub_clz.o(x$fpl$dadd)
    __fpl_dcmp_Inf                           0x08005d25   Thumb Code    24  dcmpi.o(x$fpl$dcmpinf)
    __aeabi_cdcmple                          0x08005d3d   Thumb Code     0  dleqf.o(x$fpl$dleqf)
    _dcmple                                  0x08005d3d   Thumb Code   120  dleqf.o(x$fpl$dleqf)
    __fpl_dcmple_InfNaN                      0x08005d9f   Thumb Code     0  dleqf.o(x$fpl$dleqf)
    __fpl_dnaninf                            0x08005db5   Thumb Code   156  dnaninf.o(x$fpl$dnaninf)
    __fpl_dretinf                            0x08005e51   Thumb Code    12  dretinf.o(x$fpl$dretinf)
    __aeabi_cdrcmple                         0x08005e5d   Thumb Code     0  drleqf.o(x$fpl$drleqf)
    _drcmple                                 0x08005e5d   Thumb Code   108  drleqf.o(x$fpl$drleqf)
    __aeabi_dsub                             0x08005ec9   Thumb Code     0  daddsub_clz.o(x$fpl$dsub)
    _dsub                                    0x08005ec9   Thumb Code   464  daddsub_clz.o(x$fpl$dsub)
    __aeabi_f2d                              0x0800609d   Thumb Code     0  f2d.o(x$fpl$f2d)
    _f2d                                     0x0800609d   Thumb Code    86  f2d.o(x$fpl$f2d)
    __aeabi_fadd                             0x080060f5   Thumb Code     0  faddsub_clz.o(x$fpl$fadd)
    _fadd                                    0x080060f5   Thumb Code   196  faddsub_clz.o(x$fpl$fadd)
    __aeabi_fdiv                             0x080061b9   Thumb Code     0  fdiv.o(x$fpl$fdiv)
    _fdiv                                    0x080061b9   Thumb Code   384  fdiv.o(x$fpl$fdiv)
    __aeabi_f2iz                             0x0800633d   Thumb Code     0  ffix.o(x$fpl$ffix)
    _ffix                                    0x0800633d   Thumb Code    54  ffix.o(x$fpl$ffix)
    __aeabi_i2f                              0x08006375   Thumb Code     0  fflt_clz.o(x$fpl$fflt)
    _fflt                                    0x08006375   Thumb Code    48  fflt_clz.o(x$fpl$fflt)
    __aeabi_fmul                             0x080063a5   Thumb Code     0  fmul.o(x$fpl$fmul)
    _fmul                                    0x080063a5   Thumb Code   258  fmul.o(x$fpl$fmul)
    __fpl_fnaninf                            0x080064a7   Thumb Code   140  fnaninf.o(x$fpl$fnaninf)
    __fpl_fretinf                            0x08006533   Thumb Code    10  fretinf.o(x$fpl$fretinf)
    __aeabi_fsub                             0x0800653d   Thumb Code     0  faddsub_clz.o(x$fpl$fsub)
    _fsub                                    0x0800653d   Thumb Code   234  faddsub_clz.o(x$fpl$fsub)
    __I$use$fp                               0x08006626   Number         0  usenofp.o(x$fpl$usenofp)
    ascii_tb                                 0x08006628   Data          17  common.o(.constdata)
    crc_ta                                   0x0800663c   Data        1024  common.o(.constdata)
    table                                    0x08006a3c   Data          17  common.o(.constdata)
    Region$$Table$$Base                      0x08006ad4   Number         0  anon$$obj.o(Region$$Table)
    Region$$Table$$Limit                     0x08006af4   Number         0  anon$$obj.o(Region$$Table)
    __ctype                                  0x08006b01   Data           0  lc_ctype_c.o(locale$$data)
    LsiFreq                                  0x20000014   Data           4  main.o(.data)
    flash_empty_flag                         0x20000018   Data           4  main.o(.data)
    logo                                     0x2000001c   Data           4  main.o(.data)
    time6_cnt                                0x20000020   Data           4  stm32f10x_it.o(.data)
    read_current_value_flag                  0x20000024   Data           1  stm32f10x_it.o(.data)
    check_alarm_flag                         0x20000025   Data           1  stm32f10x_it.o(.data)
    SystemCoreClock                          0x20000028   Data           4  system_stm32f10x.o(.data)
    AHBPrescTable                            0x2000002c   Data          16  system_stm32f10x.o(.data)
    report_start_flag                        0x2000003c   Data           1  protocol.o(.data)
    report_poll_flag                         0x2000003d   Data           1  protocol.o(.data)
    report_repair_flag                       0x2000003e   Data           1  protocol.o(.data)
    report_change_flga                       0x2000003f   Data           1  protocol.o(.data)
    g_alarm_send_recv_flag                   0x20000040   Data           1  protocol.o(.data)
    g_alarm_send_time                        0x20000044   Data           4  protocol.o(.data)
    g_realarm_cnt                            0x20000048   Data           1  protocol.o(.data)
    write_flash_flag                         0x20000049   Data           1  protocol.o(.data)
    vendor_id                                0x2000004a   Data           1  protocol.o(.data)
    type_id                                  0x2000004b   Data           1  protocol.o(.data)
    dev_type_id                              0x2000004c   Data          20  protocol.o(.data)
    serial_id                                0x20000060   Data          20  protocol.o(.data)
    longitude                                0x20000074   Data          20  protocol.o(.data)
    latitude                                 0x20000088   Data          20  protocol.o(.data)
    fm_sf_ver                                0x2000009c   Data          20  protocol.o(.data)
    fm_work_mode                             0x200000b0   Data           1  protocol.o(.data)
    dev_num                                  0x200000b1   Data           4  protocol.o(.data)
    sub_num                                  0x200000b5   Data           1  protocol.o(.data)
    query_tel1                               0x200000b6   Data          20  protocol.o(.data)
    query_tel2                               0x200000ca   Data          20  protocol.o(.data)
    query_tel3                               0x200000de   Data          20  protocol.o(.data)
    query_tel4                               0x200000f2   Data          20  protocol.o(.data)
    query_tel5                               0x20000106   Data          20  protocol.o(.data)
    notify_tel                               0x2000011a   Data          20  protocol.o(.data)
    comm_type                                0x2000012e   Data           1  protocol.o(.data)
    curr_time                                0x2000012f   Data           7  protocol.o(.data)
    modem_type                               0x20000136   Data           1  protocol.o(.data)
    dl_output                                0x20000137   Data           1  protocol.o(.data)
    dl_input                                 0x20000138   Data           1  protocol.o(.data)
    ul_rated_gain                            0x20000139   Data           1  protocol.o(.data)
    dl_actual_gain                           0x2000013a   Data           1  protocol.o(.data)
    dl_swr                                   0x2000013b   Data           1  protocol.o(.data)
    dl_swr_thr                               0x2000013c   Data           1  protocol.o(.data)
    dl_output_min                            0x2000013d   Data           1  protocol.o(.data)
    pw_fail_alarm_enable                     0x2000013e   Data           1  protocol.o(.data)
    pw_fault_alarm_enable                    0x2000013f   Data           1  protocol.o(.data)
    bat_fault_alarm_enable                   0x20000140   Data           1  protocol.o(.data)
    pos_cha_alarm_enable                     0x20000141   Data           1  protocol.o(.data)
    dl_low_output_alarm_enable               0x20000142   Data           1  protocol.o(.data)
    dl_swr_alarm_enable                      0x20000143   Data           1  protocol.o(.data)
    ext1_alarm_enable                        0x20000144   Data           1  protocol.o(.data)
    ext2_alarm_enable                        0x20000145   Data           1  protocol.o(.data)
    ext3_alarm_enable                        0x20000146   Data           1  protocol.o(.data)
    ext4_alarm_enable                        0x20000147   Data           1  protocol.o(.data)
    ext5_alarm_enable                        0x20000148   Data           1  protocol.o(.data)
    ext6_alarm_enable                        0x20000149   Data           1  protocol.o(.data)
    pw_fail_alarm                            0x2000014a   Data           1  protocol.o(.data)
    pw_fault_alarm                           0x2000014b   Data           1  protocol.o(.data)
    bat_fault_alarm                          0x2000014c   Data           1  protocol.o(.data)
    pos_cha_alarm                            0x2000014d   Data           1  protocol.o(.data)
    dl_low_output_alarm                      0x2000014e   Data           1  protocol.o(.data)
    dl_swr_alarm                             0x2000014f   Data           1  protocol.o(.data)
    ext1_alarm                               0x20000150   Data           1  protocol.o(.data)
    ext2_alarm                               0x20000151   Data           1  protocol.o(.data)
    ext3_alarm                               0x20000152   Data           1  protocol.o(.data)
    ext4_alarm                               0x20000153   Data           1  protocol.o(.data)
    ext5_alarm                               0x20000154   Data           1  protocol.o(.data)
    ext6_alarm                               0x20000155   Data           1  protocol.o(.data)
    rf_ref_a                                 0x20000156   Data           2  protocol.o(.data)
    rf_ref_b                                 0x20000158   Data           2  protocol.o(.data)
    rf_in_a                                  0x2000015a   Data           2  protocol.o(.data)
    rf_in_b                                  0x2000015c   Data           2  protocol.o(.data)
    rf_out_a                                 0x2000015e   Data           2  protocol.o(.data)
    rf_out_b                                 0x20000160   Data           2  protocol.o(.data)
    dl_output_ref                            0x20000162   Data           2  protocol.o(.data)
    para_all                                 0x20000164   Data         855  protocol.o(.data)
    alarm_st                                 0x200004bc   Data         288  protocol.o(.data)
    g_send_pack_num                          0x200005dc   Data           4  protocol.o(.data)
    protocol_cnt                             0x200005e0   Data           4  protocol.o(.data)
    protocol_sta                             0x200005e4   Data           1  protocol.o(.data)
    apa_buf_cnt                              0x200005e8   Data           4  protocol.o(.data)
    apb_buf_cnt                              0x200005ec   Data           4  protocol.o(.data)
    new_alarm_flag                           0x200005f0   Data           1  protocol.o(.data)
    g_pack_num                               0x200005f2   Data           2  protocol.o(.data)
    EraseCounter                             0x200005f4   Data           4  flash.o(.data)
    Address                                  0x200005f8   Data           4  flash.o(.data)
    Data                                     0x200005fc   Data           4  flash.o(.data)
    NbrOfPage                                0x20000600   Data           4  flash.o(.data)
    FLASHStatus                              0x20000604   Data           1  flash.o(.data)
    GPIO_InitStructure                       0x20000606   Data           4  ds1302.o(.data)
    sms_send_cnt                             0x2000060c   Data           4  modem.o(.data)
    g_modem_idx                              0x20000610   Data           1  modem.o(.data)
    g_modem_at_cnt                           0x20000611   Data           1  modem.o(.data)
    sms_st                                   0x20000614   Data         144  modem.o(.data)
    modem_cnt                                0x200006a4   Data           4  modem.o(.data)
    modem_sta                                0x200006a8   Data           1  modem.o(.data)
    rssi                                     0x200006a9   Data           1  modem.o(.data)
    g_modem_flag                             0x200006ac   Data           4  modem.o(.data)
    modem_state                              0x200006b0   Data           1  modem.o(.data)
    sms_init_cnt                             0x200006b1   Data           1  modem.o(.data)
    at_hcmgr                                 0x200006b4   Data          16  modem.o(.data)
    at_cmgd                                  0x200006c4   Data          16  modem.o(.data)
    modem_read_sms_sta                       0x200006d4   Data           1  modem.o(.data)
    sms_idx                                  0x200006d5   Data           1  modem.o(.data)
    modem_send_sms_sta                       0x200006d6   Data           1  modem.o(.data)
    at_hcmgs                                 0x200006d8   Data          16  modem.o(.data)
    at_hcmgs_data                            0x200006e8   Data          16  modem.o(.data)
    at_cmd_sta                               0x200006f8   Data           1  modem.o(.data)
    send_time                                0x200006fc   Data           4  modem.o(.data)
    at_cmd_sms_sta                           0x20000700   Data           1  modem.o(.data)
    modem_vendor                             0x20000701   Data           1  modem.o(.data)
    sms_init_idx                             0x20000702   Data           3  modem.o(.data)
    USART_InitStructure                      0x20000708   Data          16  uart.o(.bss)
    TxBuffer1                                0x20000718   Data         128  uart.o(.bss)
    TxBuffer2                                0x20000798   Data         128  uart.o(.bss)
    TxBuffer3                                0x20000818   Data         128  uart.o(.bss)
    RxBuffer1                                0x20000898   Data         128  uart.o(.bss)
    RxBuffer2                                0x20000918   Data         256  uart.o(.bss)
    RxBuffer3                                0x20000a18   Data         128  uart.o(.bss)
    uart1                                    0x20000a98   Data          16  uart.o(.bss)
    uart2                                    0x20000aa8   Data          16  uart.o(.bss)
    uart3                                    0x20000ab8   Data          16  uart.o(.bss)
    protocol_buf                             0x20000ac8   Data         512  protocol.o(.bss)
    apa_buf                                  0x20000cc8   Data         512  protocol.o(.bss)
    apb_buf                                  0x20000ec8   Data         512  protocol.o(.bss)
    para_buf                                 0x200010c8   Data        2048  protocol.o(.bss)
    ADC1ConvertedValue                       0x200018c8   Data          16  adc.o(.bss)
    sms_index                                0x200018d8   Data          16  modem.o(.bss)
    sms_buf                                  0x200018e8   Data         128  modem.o(.bss)
    sms_send_buf                             0x20001968   Data         256  modem.o(.bss)
    recv_tel_num                             0x20001a68   Data          20  modem.o(.bss)
    modem_buf                                0x20001a7c   Data         256  modem.o(.bss)
    at_read_sms                              0x20001b7c   Data          64  modem.o(.bss)
    at_send_sms                              0x20001bbc   Data          64  modem.o(.bss)
    __libspace_start                         0x20001bfc   Data          96  libspace.o(.bss)
    __temporary_stack_top$libspace           0x20001c5c   Data           0  libspace.o(.bss)



==============================================================================

Memory Map of the image

  Image Entry point : 0x08000131

  Load Region LR_IROM1 (Base: 0x08000000, Size: 0x0000730c, Max: 0x00040000, ABSOLUTE, COMPRESSED[0x00006ee4])

    Execution Region ER_IROM1 (Base: 0x08000000, Size: 0x00006c04, Max: 0x00040000, ABSOLUTE)

    Base Addr    Size         Type   Attr      Idx    E Section Name        Object

    0x08000000   0x00000130   Data   RO           19    RESET               startup_stm32f10x_hd.o
    0x08000130   0x00000008   Code   RO          699  * !!!main             c_w.l(__main.o)
    0x08000138   0x00000034   Code   RO          934    !!!scatter          c_w.l(__scatter.o)
    0x0800016c   0x0000005a   Code   RO          932    !!dczerorl2         c_w.l(__dczerorl2.o)
    0x080001c6   0x00000002   PAD
    0x080001c8   0x0000001c   Code   RO          936    !!handler_zi        c_w.l(__scatter_zi.o)
    0x080001e4   0x00000000   Code   RO          682    .ARM.Collect$$_printf_percent$$00000000  c_w.l(_printf_percent.o)
    0x080001e4   0x00000006   Code   RO          681    .ARM.Collect$$_printf_percent$$00000009  c_w.l(_printf_d.o)
    0x080001ea   0x00000006   Code   RO          680    .ARM.Collect$$_printf_percent$$00000014  c_w.l(_printf_s.o)
    0x080001f0   0x00000004   Code   RO          747    .ARM.Collect$$_printf_percent$$00000017  c_w.l(_printf_percent_end.o)
    0x080001f4   0x00000002   Code   RO          806    .ARM.Collect$$libinit$$00000000  c_w.l(libinit.o)
    0x080001f6   0x00000000   Code   RO          812    .ARM.Collect$$libinit$$00000002  c_w.l(libinit2.o)
    0x080001f6   0x00000000   Code   RO          815    .ARM.Collect$$libinit$$00000008  c_w.l(libinit2.o)
    0x080001f6   0x00000000   Code   RO          817    .ARM.Collect$$libinit$$0000000A  c_w.l(libinit2.o)
    0x080001f6   0x00000000   Code   RO          819    .ARM.Collect$$libinit$$0000000C  c_w.l(libinit2.o)
    0x080001f6   0x00000006   Code   RO          820    .ARM.Collect$$libinit$$0000000D  c_w.l(libinit2.o)
    0x080001fc   0x00000000   Code   RO          822    .ARM.Collect$$libinit$$0000000F  c_w.l(libinit2.o)
    0x080001fc   0x0000000c   Code   RO          823    .ARM.Collect$$libinit$$00000010  c_w.l(libinit2.o)
    0x08000208   0x00000000   Code   RO          824    .ARM.Collect$$libinit$$00000011  c_w.l(libinit2.o)
    0x08000208   0x00000000   Code   RO          826    .ARM.Collect$$libinit$$00000013  c_w.l(libinit2.o)
    0x08000208   0x00000000   Code   RO          828    .ARM.Collect$$libinit$$00000015  c_w.l(libinit2.o)
    0x08000208   0x00000000   Code   RO          830    .ARM.Collect$$libinit$$00000017  c_w.l(libinit2.o)
    0x08000208   0x00000000   Code   RO          832    .ARM.Collect$$libinit$$00000019  c_w.l(libinit2.o)
    0x08000208   0x00000000   Code   RO          834    .ARM.Collect$$libinit$$0000001B  c_w.l(libinit2.o)
    0x08000208   0x00000000   Code   RO          836    .ARM.Collect$$libinit$$0000001D  c_w.l(libinit2.o)
    0x08000208   0x00000000   Code   RO          838    .ARM.Collect$$libinit$$0000001F  c_w.l(libinit2.o)
    0x08000208   0x00000000   Code   RO          840    .ARM.Collect$$libinit$$00000021  c_w.l(libinit2.o)
    0x08000208   0x00000000   Code   RO          842    .ARM.Collect$$libinit$$00000023  c_w.l(libinit2.o)
    0x08000208   0x00000000   Code   RO          846    .ARM.Collect$$libinit$$0000002A  c_w.l(libinit2.o)
    0x08000208   0x00000000   Code   RO          848    .ARM.Collect$$libinit$$0000002C  c_w.l(libinit2.o)
    0x08000208   0x00000000   Code   RO          850    .ARM.Collect$$libinit$$0000002E  c_w.l(libinit2.o)
    0x08000208   0x00000000   Code   RO          852    .ARM.Collect$$libinit$$00000030  c_w.l(libinit2.o)
    0x08000208   0x00000002   Code   RO          853    .ARM.Collect$$libinit$$00000031  c_w.l(libinit2.o)
    0x0800020a   0x00000002   Code   RO          873    .ARM.Collect$$libshutdown$$00000000  c_w.l(libshutdown.o)
    0x0800020c   0x00000000   Code   RO          887    .ARM.Collect$$libshutdown$$00000003  c_w.l(libshutdown2.o)
    0x0800020c   0x00000000   Code   RO          890    .ARM.Collect$$libshutdown$$00000006  c_w.l(libshutdown2.o)
    0x0800020c   0x00000000   Code   RO          893    .ARM.Collect$$libshutdown$$00000009  c_w.l(libshutdown2.o)
    0x0800020c   0x00000000   Code   RO          895    .ARM.Collect$$libshutdown$$0000000B  c_w.l(libshutdown2.o)
    0x0800020c   0x00000000   Code   RO          898    .ARM.Collect$$libshutdown$$0000000E  c_w.l(libshutdown2.o)
    0x0800020c   0x00000002   Code   RO          899    .ARM.Collect$$libshutdown$$0000000F  c_w.l(libshutdown2.o)
    0x0800020e   0x00000000   Code   RO          733    .ARM.Collect$$rtentry$$00000000  c_w.l(rtentry.o)
    0x0800020e   0x00000000   Code   RO          765    .ARM.Collect$$rtentry$$00000002  c_w.l(rtentry2.o)
    0x0800020e   0x00000006   Code   RO          777    .ARM.Collect$$rtentry$$00000004  c_w.l(rtentry4.o)
    0x08000214   0x00000000   Code   RO          767    .ARM.Collect$$rtentry$$00000009  c_w.l(rtentry2.o)
    0x08000214   0x00000004   Code   RO          768    .ARM.Collect$$rtentry$$0000000A  c_w.l(rtentry2.o)
    0x08000218   0x00000000   Code   RO          770    .ARM.Collect$$rtentry$$0000000C  c_w.l(rtentry2.o)
    0x08000218   0x00000008   Code   RO          771    .ARM.Collect$$rtentry$$0000000D  c_w.l(rtentry2.o)
    0x08000220   0x00000002   Code   RO          807    .ARM.Collect$$rtexit$$00000000  c_w.l(rtexit.o)
    0x08000222   0x00000000   Code   RO          855    .ARM.Collect$$rtexit$$00000002  c_w.l(rtexit2.o)
    0x08000222   0x00000004   Code   RO          856    .ARM.Collect$$rtexit$$00000003  c_w.l(rtexit2.o)
    0x08000226   0x00000006   Code   RO          857    .ARM.Collect$$rtexit$$00000004  c_w.l(rtexit2.o)
    0x0800022c   0x00000040   Code   RO           20    .text               startup_stm32f10x_hd.o
    0x0800026c   0x000000dc   Code   RO           24    .text               misc.o
    0x08000348   0x0000044e   Code   RO          119    .text               stm32f10x_adc.o
    0x08000796   0x00000002   PAD
    0x08000798   0x00000250   Code   RO          203    .text               stm32f10x_dma.o
    0x080009e8   0x000005bc   Code   RO          227    .text               stm32f10x_flash.o
    0x08000fa4   0x00000358   Code   RO          251    .text               stm32f10x_gpio.o
    0x080012fc   0x00000040   Code   RO          275    .text               stm32f10x_iwdg.o
    0x0800133c   0x000003a4   Code   RO          299    .text               stm32f10x_rcc.o
    0x080016e0   0x00000e1a   Code   RO          349    .text               stm32f10x_tim.o
    0x080024fa   0x00000002   PAD
    0x080024fc   0x00000408   Code   RO          361    .text               stm32f10x_usart.o
    0x08002904   0x00000118   Code   RO          385    .text               main.o
    0x08002a1c   0x0000012c   Code   RO          458    .text               stm32f10x_it.o
    0x08002b48   0x000001dc   Code   RO          473    .text               system_stm32f10x.o
    0x08002d24   0x0000028c   Code   RO          491    .text               uart.o
    0x08002fb0   0x00000460   Code   RO          509    .text               common.o
    0x08003410   0x00001104   Code   RO          531    .text               protocol.o
    0x08004514   0x000000d0   Code   RO          554    .text               flash.o
    0x080045e4   0x0000034c   Code   RO          569    .text               ds1302.o
    0x08004930   0x000001e0   Code   RO          587    .text               adc.o
    0x08004b10   0x00000070   Code   RO          605    .text               time.o
    0x08004b80   0x0000095c   Code   RO          620    .text               modem.o
    0x080054dc   0x00000028   Code   RO          652    .text               c_w.l(noretval__2sprintf.o)
    0x08005504   0x00000068   Code   RO          654    .text               c_w.l(__printf.o)
    0x0800556c   0x00000052   Code   RO          656    .text               c_w.l(_printf_str.o)
    0x080055be   0x00000002   PAD
    0x080055c0   0x00000078   Code   RO          658    .text               c_w.l(_printf_dec.o)
    0x08005638   0x0000001a   Code   RO          683    .text               c_w.l(atoi.o)
    0x08005652   0x00000024   Code   RO          685    .text               c_w.l(strstr.o)
    0x08005676   0x00000058   Code   RO          687    .text               c_w.l(memcmp.o)
    0x080056ce   0x0000003e   Code   RO          689    .text               c_w.l(strlen.o)
    0x0800570c   0x0000008a   Code   RO          691    .text               c_w.l(rt_memcpy_v6.o)
    0x08005796   0x00000064   Code   RO          693    .text               c_w.l(rt_memcpy_w.o)
    0x080057fa   0x0000004e   Code   RO          695    .text               c_w.l(rt_memclr_w.o)
    0x08005848   0x00000006   Code   RO          697    .text               c_w.l(heapauxi.o)
    0x0800584e   0x00000002   PAD
    0x08005850   0x00000008   Code   RO          737    .text               c_w.l(rt_errno_addr_intlibspace.o)
    0x08005858   0x000000b8   Code   RO          739    .text               c_w.l(_printf_intcommon.o)
    0x08005910   0x00000030   Code   RO          741    .text               c_w.l(_printf_char_common.o)
    0x08005940   0x0000000a   Code   RO          743    .text               c_w.l(_sputc.o)
    0x0800594a   0x0000002c   Code   RO          745    .text               c_w.l(_printf_char.o)
    0x08005976   0x00000070   Code   RO          748    .text               c_w.l(strtol.o)
    0x080059e6   0x00000002   PAD
    0x080059e8   0x00000008   Code   RO          761    .text               c_w.l(libspace.o)
    0x080059f0   0x00000010   Code   RO          779    .text               c_w.l(rt_ctype_table.o)
    0x08005a00   0x0000009e   Code   RO          783    .text               c_w.l(_strtoul.o)
    0x08005a9e   0x0000004a   Code   RO          787    .text               c_w.l(sys_stackheap_outer.o)
    0x08005ae8   0x00000008   Code   RO          792    .text               c_w.l(rt_locale_intlibspace.o)
    0x08005af0   0x0000001c   Code   RO          794    .text               c_w.l(_chval.o)
    0x08005b0c   0x0000000c   Code   RO          799    .text               c_w.l(exit.o)
    0x08005b18   0x00000080   Code   RO          809    .text               c_w.l(strcmpv7m.o)
    0x08005b98   0x0000000c   Code   RO          865    .text               c_w.l(sys_exit.o)
    0x08005ba4   0x00000002   Code   RO          876    .text               c_w.l(use_no_semi.o)
    0x08005ba6   0x00000000   Code   RO          878    .text               c_w.l(indicate_semi.o)
    0x08005ba6   0x00000002   PAD
    0x08005ba8   0x0000002c   Code   RO          797    locale$$code        c_w.l(lc_ctype_c.o)
    0x08005bd4   0x00000150   Code   RO          701    x$fpl$dadd          fz_ws.l(daddsub_clz.o)
    0x08005d24   0x00000018   Code   RO          785    x$fpl$dcmpinf       fz_ws.l(dcmpi.o)
    0x08005d3c   0x00000078   Code   RO          750    x$fpl$dleqf         fz_ws.l(dleqf.o)
    0x08005db4   0x0000009c   Code   RO          752    x$fpl$dnaninf       fz_ws.l(dnaninf.o)
    0x08005e50   0x0000000c   Code   RO          754    x$fpl$dretinf       fz_ws.l(dretinf.o)
    0x08005e5c   0x0000006c   Code   RO          707    x$fpl$drleqf        fz_ws.l(drleqf.o)
    0x08005ec8   0x000001d4   Code   RO          703    x$fpl$dsub          fz_ws.l(daddsub_clz.o)
    0x0800609c   0x00000056   Code   RO          709    x$fpl$f2d           fz_ws.l(f2d.o)
    0x080060f2   0x00000002   PAD
    0x080060f4   0x000000c4   Code   RO          711    x$fpl$fadd          fz_ws.l(faddsub_clz.o)
    0x080061b8   0x00000184   Code   RO          718    x$fpl$fdiv          fz_ws.l(fdiv.o)
    0x0800633c   0x00000036   Code   RO          721    x$fpl$ffix          fz_ws.l(ffix.o)
    0x08006372   0x00000002   PAD
    0x08006374   0x00000030   Code   RO          726    x$fpl$fflt          fz_ws.l(fflt_clz.o)
    0x080063a4   0x00000102   Code   RO          731    x$fpl$fmul          fz_ws.l(fmul.o)
    0x080064a6   0x0000008c   Code   RO          756    x$fpl$fnaninf       fz_ws.l(fnaninf.o)
    0x08006532   0x0000000a   Code   RO          758    x$fpl$fretinf       fz_ws.l(fretinf.o)
    0x0800653c   0x000000ea   Code   RO          713    x$fpl$fsub          fz_ws.l(faddsub_clz.o)
    0x08006626   0x00000000   Code   RO          760    x$fpl$usenofp       fz_ws.l(usenofp.o)
    0x08006626   0x00000002   PAD
    0x08006628   0x00000425   Data   RO          510    .constdata          common.o
    0x08006a4d   0x00000012   Data   RO          386    .conststring        main.o
    0x08006a5f   0x00000075   Data   RO          622    .conststring        modem.o
    0x08006ad4   0x00000020   Data   RO          930    Region$$Table       anon$$obj.o
    0x08006af4   0x00000110   Data   RO          796    locale$$data        c_w.l(lc_ctype_c.o)


    Execution Region RW_IRAM1 (Base: 0x20000000, Size: 0x00002260, Max: 0x0000c000, ABSOLUTE, COMPRESSED[0x000002e0])

    Base Addr    Size         Type   Attr      Idx    E Section Name        Object

    0x20000000   0x00000014   Data   RW          300    .data               stm32f10x_rcc.o
    0x20000014   0x0000000c   Data   RW          387    .data               main.o
    0x20000020   0x00000006   Data   RW          459    .data               stm32f10x_it.o
    0x20000026   0x00000002   PAD
    0x20000028   0x00000014   Data   RW          474    .data               system_stm32f10x.o
    0x2000003c   0x000005b8   Data   RW          533    .data               protocol.o
    0x200005f4   0x00000011   Data   RW          555    .data               flash.o
    0x20000605   0x00000001   PAD
    0x20000606   0x00000004   Data   RW          570    .data               ds1302.o
    0x2000060a   0x00000002   PAD
    0x2000060c   0x000000f9   Data   RW          623    .data               modem.o
    0x20000705   0x00000003   PAD
    0x20000708   0x000003c0   Zero   RW          492    .bss                uart.o
    0x20000ac8   0x00000e00   Zero   RW          532    .bss                protocol.o
    0x200018c8   0x00000010   Zero   RW          588    .bss                adc.o
    0x200018d8   0x00000324   Zero   RW          621    .bss                modem.o
    0x20001bfc   0x00000060   Zero   RW          762    .bss                c_w.l(libspace.o)
    0x20001c5c   0x00000004   PAD
    0x20001c60   0x00000200   Zero   RW           18    HEAP                startup_stm32f10x_hd.o
    0x20001e60   0x00000400   Zero   RW           17    STACK               startup_stm32f10x_hd.o


==============================================================================

Image component sizes


      Code (inc. data)   RO Data    RW Data    ZI Data      Debug   Object Name

       480         20          0          0         16       1372   adc.o
      1120         20       1061          0          0       6929   common.o
         0          0          0          0          0       4244   core_cm3.o
       844         10          0          4          0       2671   ds1302.o
       208         20          0         17          0       1427   flash.o
       280         20         18         12          0       2146   main.o
       220         20          0          0          0     274365   misc.o
      2396        402        117        249        804       7373   modem.o
      4356        278          0       1464       3584      15416   protocol.o
        64         26        304          0       1536        712   startup_stm32f10x_hd.o
      1102         26          0          0          0      10661   stm32f10x_adc.o
       592          8          0          0          0       4154   stm32f10x_dma.o
      1468         34          0          0          0       7854   stm32f10x_flash.o
       856         40          0          0          0       5469   stm32f10x_gpio.o
       300         40          0          6          0       2279   stm32f10x_it.o
        64          6          0          0          0       1181   stm32f10x_iwdg.o
       932         44          0         20          0       8556   stm32f10x_rcc.o
      3610         88          0          0          0      21956   stm32f10x_tim.o
      1032         22          0          0          0       8196   stm32f10x_usart.o
       476         36          0         20          0       1519   system_stm32f10x.o
       112          6          0          0          0        469   time.o
       652         50          0          0        960       2928   uart.o

    ----------------------------------------------------------------------
     21168       1216       1532       1800       6900     391877   Object Totals
         0          0         32          0          0          0   (incl. Generated)
         4          0          0          8          0          0   (incl. Padding)

    ----------------------------------------------------------------------

      Code (inc. data)   RO Data    RW Data    ZI Data      Debug   Library Member Name

        90          0          0          0          0          0   __dczerorl2.o
         8          0          0          0          0         68   __main.o
       104          0          0          0          0         84   __printf.o
        52          8          0          0          0          0   __scatter.o
        28          0          0          0          0          0   __scatter_zi.o
        28          0          0          0          0         68   _chval.o
        44          0          0          0          0        108   _printf_char.o
        48          6          0          0          0         96   _printf_char_common.o
         6          0          0          0          0          0   _printf_d.o
       120         18          0          0          0         92   _printf_dec.o
       184          0          0          0          0         88   _printf_intcommon.o
         0          0          0          0          0          0   _printf_percent.o
         4          0          0          0          0          0   _printf_percent_end.o
         6          0          0          0          0          0   _printf_s.o
        82          0          0          0          0         80   _printf_str.o
        10          0          0          0          0         68   _sputc.o
       158          0          0          0          0         92   _strtoul.o
        26          0          0          0          0         80   atoi.o
        12          0          0          0          0         72   exit.o
         6          0          0          0          0        152   heapauxi.o
         0          0          0          0          0          0   indicate_semi.o
        44         10        272          0          0         76   lc_ctype_c.o
         2          0          0          0          0          0   libinit.o
        20          0          0          0          0          0   libinit2.o
         2          0          0          0          0          0   libshutdown.o
         2          0          0          0          0          0   libshutdown2.o
         8          4          0          0         96         68   libspace.o
        88          0          0          0          0         76   memcmp.o
        40          6          0          0          0         84   noretval__2sprintf.o
        16          4          0          0          0         76   rt_ctype_table.o
         8          4          0          0          0         68   rt_errno_addr_intlibspace.o
         8          4          0          0          0         68   rt_locale_intlibspace.o
        78          0          0          0          0         80   rt_memclr_w.o
       138          0          0          0          0         68   rt_memcpy_v6.o
       100          0          0          0          0         80   rt_memcpy_w.o
         0          0          0          0          0          0   rtentry.o
        12          0          0          0          0          0   rtentry2.o
         6          0          0          0          0          0   rtentry4.o
         2          0          0          0          0          0   rtexit.o
        10          0          0          0          0          0   rtexit2.o
       128          0          0          0          0         68   strcmpv7m.o
        62          0          0          0          0         76   strlen.o
        36          0          0          0          0         80   strstr.o
       112          0          0          0          0         88   strtol.o
        12          4          0          0          0         68   sys_exit.o
        74          0          0          0          0         80   sys_stackheap_outer.o
         2          0          0          0          0         68   use_no_semi.o
       804         16          0          0          0        272   daddsub_clz.o
        24          0          0          0          0         68   dcmpi.o
       120          4          0          0          0         92   dleqf.o
       156          4          0          0          0         92   dnaninf.o
        12          0          0          0          0         68   dretinf.o
       108          0          0          0          0         80   drleqf.o
        86          4          0          0          0         84   f2d.o
       430          8          0          0          0        168   faddsub_clz.o
       388         76          0          0          0         96   fdiv.o
        54          4          0          0          0         84   ffix.o
        48          0          0          0          0         68   fflt_clz.o
       258          4          0          0          0         84   fmul.o
       140          4          0          0          0         84   fnaninf.o
        10          0          0          0          0         68   fretinf.o
         0          0          0          0          0          0   usenofp.o

    ----------------------------------------------------------------------
      4680        192        272          0        100       3828   Library Totals
        16          0          0          0          4          0   (incl. Padding)

    ----------------------------------------------------------------------

      Code (inc. data)   RO Data    RW Data    ZI Data      Debug   Library Name

      2026         68        272          0         96       2420   c_w.l
      2638        124          0          0          0       1408   fz_ws.l

    ----------------------------------------------------------------------
      4680        192        272          0        100       3828   Library Totals

    ----------------------------------------------------------------------

==============================================================================


      Code (inc. data)   RO Data    RW Data    ZI Data      Debug   

     25848       1408       1804       1800       7000     391233   Grand Totals
     25848       1408       1804        736       7000     391233   ELF Image Totals (compressed)
     25848       1408       1804        736          0          0   ROM Totals

==============================================================================

    Total RO  Size (Code + RO Data)                27652 (  27.00kB)
    Total RW  Size (RW Data + ZI Data)              8800 (   8.59kB)
    Total ROM Size (Code + RO Data + RW Data)      28388 (  27.72kB)

==============================================================================

