<html>
<body>
<pre>
<h1>µVision Build Log</h1>
<h2>Project:</h2>
E:\ext_monitor\app\ext_monitor.uvproj
Project File Date:  04/04/2015

<h2>Output:</h2>
Build target 'ext_monitor'
assembling startup_stm32f10x_hd.s...
compiling protocol.c...
linking...
Program Size: Code=6872 RO-data=1380 RW-data=1108 ZI-data=3620  
FromELF: creating hex file...
".\output\ext_monitor.axf" - 0 Error(s), 0 Warning(s).
Load "E:\\ext_monitor\\app\\output\\ext_monitor.axf" 
Error: Flash Download failed  -  Target DLL has been cancelled
Load "E:\\ext_monitor\\app\\output\\ext_monitor.axf" 
Error: Flash Download failed  -  Target DLL has been cancelled
Load "E:\\ext_monitor\\app\\output\\ext_monitor.axf" 
Error: Flash Download failed  -  Target DLL has been cancelled
Load "E:\\ext_monitor\\app\\output\\ext_monitor.axf" 
Error: Flash Download failed  -  Target DLL has been cancelled
</pre>
</body>
</html>
